209.85.238.216 - - [30/Jun/2010:00:11:20 -0700] "GET thetybeetimes.net/ HTTP/1.1" 200 43895 "-" "Feedfetcher-Google; (+http://www.google.com/feedfetcher.html; 1 subscribers; feed-id=8694166601657009783)"
208.115.111.247 - - [30/Jun/2010:00:12:16 -0700] "GET thetybeetimes.net/robots.txt HTTP/1.1" 200 38 "-" "Mozilla/5.0 (compatible; DotBot/1.1; http://www.dotnetdotcom.org/, crawler@dotnetdotcom.org)"
119.63.193.215 - - [30/Jun/2010:00:23:19 -0700] "GET thetybeetimes.net/ HTTP/1.1" 200 43603 "-" "Mozilla/4.0 (compatible; MSIE 6.0; Windows NT 5.1)"
72.167.232.155 - - [30/Jun/2010:00:23:19 -0700] "POST thetybeetimes.net/wp-cron.php?doing_wp_cron HTTP/1.0" 200 0 "-" "WordPress/2.9.1; http://thetybeetimes.net"
74.125.94.83 - - [30/Jun/2010:00:27:50 -0700] "GET thetybeetimes.net/feed/ HTTP/1.1" 304 0 "-" "FeedBurner/1.0 (http://www.FeedBurner.com)"
69.254.64.75 - - [30/Jun/2010:00:36:08 -0700] "GET thetybeetimes.net/comments/feed/ HTTP/1.1" 304 0 "-" "Mozilla/5.0 (Macintosh; U; Intel Mac OS X 10.5; en-US; rv:1.9.2.3) Gecko/20100401 Firefox/3.6.3"
174.37.205.76 - - [30/Jun/2010:00:49:52 -0700] "GET thetybeetimes.net/wp-content/plugins/nextgen-gallery/xml/media-rss.php HTTP/1.1" 200 8455 "-" "Mozilla/5.0 (X11; U; Linux i686; en-US; rv:1.2.1; aggregator:Spinn3r (Spinn3r 3.1); http://spinn3r.com/robot) Gecko/20021130"
69.254.64.75 - - [30/Jun/2010:00:51:13 -0700] "GET thetybeetimes.net/comments/feed/ HTTP/1.1" 304 0 "-" "Mozilla/5.0 (Macintosh; U; Intel Mac OS X 10.5; en-US; rv:1.9.2.3) Gecko/20100401 Firefox/3.6.3"
69.254.64.75 - - [30/Jun/2010:01:36:20 -0700] "GET thetybeetimes.net/comments/feed/ HTTP/1.1" 304 0 "-" "Mozilla/5.0 (Macintosh; U; Intel Mac OS X 10.5; en-US; rv:1.9.2.3) Gecko/20100401 Firefox/3.6.3"
119.63.193.215 - - [30/Jun/2010:01:50:48 -0700] "GET thetybeetimes.net/ HTTP/1.1" 200 43651 "-" "Mozilla/4.0 (compatible; MSIE 6.0; Windows NT 5.1)"
69.254.64.75 - - [30/Jun/2010:01:51:23 -0700] "GET thetybeetimes.net/comments/feed/ HTTP/1.1" 304 0 "-" "Mozilla/5.0 (Macintosh; U; Intel Mac OS X 10.5; en-US; rv:1.9.2.3) Gecko/20100401 Firefox/3.6.3"
174.36.228.154 - - [30/Jun/2010:01:55:28 -0700] "GET thetybeetimes.net/wp-content/plugins/nextgen-gallery/xml/media-rss.php HTTP/1.1" 200 8462 "-" "Mozilla/5.0 (X11; U; Linux i686; en-US; rv:1.2.1; aggregator:Spinn3r (Spinn3r 3.1); http://spinn3r.com/robot) Gecko/20021130"
207.46.195.242 - - [30/Jun/2010:02:35:44 -0700] "GET thetybeetimes.net/robots.txt HTTP/1.1" 200 38 "-" "msnbot/2.0b (+http://search.msn.com/msnbot.htm)"
119.63.193.215 - - [30/Jun/2010:02:50:32 -0700] "GET thetybeetimes.net/ HTTP/1.1" 200 43756 "-" "Mozilla/4.0 (compatible; MSIE 6.0; Windows NT 5.1)"
92.113.148.18 - - [30/Jun/2010:02:56:16 -0700] "GET thetybeetimes.net/2010/01/tybee-post-theater-board-hosts-ribbon-cutting/e-postribbon-0037/ HTTP/1.0" 200 5910 "-" "Mozilla/4.0 (compatible; MSIE 6.0; Windows NT 5.1)"
174.37.205.67 - - [30/Jun/2010:03:00:41 -0700] "GET thetybeetimes.net/wp-content/plugins/nextgen-gallery/xml/media-rss.php HTTP/1.1" 200 8455 "-" "Mozilla/5.0 (X11; U; Linux i686; en-US; rv:1.2.1; aggregator:Spinn3r (Spinn3r 3.1); http://spinn3r.com/robot) Gecko/20021130"
209.85.238.216 - - [30/Jun/2010:03:11:32 -0700] "GET thetybeetimes.net/ HTTP/1.1" 200 43930 "-" "Feedfetcher-Google; (+http://www.google.com/feedfetcher.html; 1 subscribers; feed-id=8694166601657009783)"
124.115.6.13 - - [30/Jun/2010:03:35:12 -0700] "GET thetybeetimes.net/robots.txt HTTP/1.1" 200 38 "-" "Sosospider+(+http://help.soso.com/webspider.htm)"
69.143.156.186 - - [30/Jun/2010:03:50:11 -0700] "GET thetybeetimes.net/2010/05/its-those-bums-again HTTP/1.0" 404 17629 "http://www.muccis-nc.com/" "Mozilla/5.0 (Windows; U; Windows NT 6.1; en-US) AppleWebKit/532.2 (KHTML, like Gecko) Chrome/4.0.221.7 Safari/532.2"
207.67.117.172 - - [30/Jun/2010:03:52:00 -0700] "GET thetybeetimes.net/robots.txt HTTP/1.0" 200 26 "-" "binlar_2.6.3 (binlar2.6.3@unspecified.mail)"
174.36.241.149 - - [30/Jun/2010:04:00:04 -0700] "GET thetybeetimes.net/ HTTP/1.1" 200 43986 "-" "Mozilla/5.0 (X11; U; Linux i686; en-US; rv:1.2.1; aggregator:Spinn3r (Spinn3r 3.1); http://spinn3r.com/robot) Gecko/20021130"
174.37.205.76 - - [30/Jun/2010:04:05:38 -0700] "GET thetybeetimes.net/wp-content/plugins/nextgen-gallery/xml/media-rss.php HTTP/1.1" 200 8455 "-" "Mozilla/5.0 (X11; U; Linux i686; en-US; rv:1.2.1; aggregator:Spinn3r (Spinn3r 3.1); http://spinn3r.com/robot) Gecko/20021130"
174.37.205.71 - - [30/Jun/2010:04:13:40 -0700] "GET thetybeetimes.net/ HTTP/1.1" 200 43825 "-" "Mozilla/5.0 (X11; U; Linux i686; en-US; rv:1.2.1; aggregator:Spinn3r (Spinn3r 3.1); http://spinn3r.com/robot) Gecko/20021130"
208.115.111.247 - - [30/Jun/2010:04:22:43 -0700] "GET thetybeetimes.net/robots.txt HTTP/1.1" 200 38 "-" "Mozilla/5.0 (compatible; DotBot/1.1; http://www.dotnetdotcom.org/, crawler@dotnetdotcom.org)"
207.46.13.50 - - [30/Jun/2010:04:29:14 -0700] "GET thetybeetimes.net/robots.txt HTTP/1.1" 200 38 "-" "msnbot/2.0b (+http://search.msn.com/msnbot.htm)"
94.142.134.32 - - [30/Jun/2010:04:38:29 -0700] "GET thetybeetimes.net/2010/01/tybee-post-theater-board-hosts-ribbon-cutting/e-postribbon-0037/ HTTP/1.0" 200 25678 "http://thetybeetimes.net/2010/01/tybee-post-theater-board-hosts-ribbon-cutting/e-postribbon-0037/" "Mozilla/4.76 [en] (Windows NT 5.0; U)"
94.142.134.32 - - [30/Jun/2010:04:38:32 -0700] "GET thetybeetimes.net/2010/01/tybee-post-theater-board-hosts-ribbon-cutting/ HTTP/1.0" 200 13070 "http://thetybeetimes.net/2010/01/tybee-post-theater-board-hosts-ribbon-cutting/" "Mozilla/4.76 [en] (Windows NT 5.0; U)"
94.142.134.32 - - [30/Jun/2010:04:38:34 -0700] "GET thetybeetimes.net/2010/01/tybee-post-theater-board-hosts-ribbon-cutting/feed/ HTTP/1.0" 200 841 "http://thetybeetimes.net/2010/01/tybee-post-theater-board-hosts-ribbon-cutting/feed/" "Mozilla/4.76 [en] (Windows NT 5.0; U)"
119.63.193.215 - - [30/Jun/2010:04:40:33 -0700] "GET thetybeetimes.net/ HTTP/1.1" 200 43526 "-" "Mozilla/4.0 (compatible; MSIE 6.0; Windows NT 5.1)"
190.60.230.250 - - [30/Jun/2010:05:04:17 -0700] "GET thetybeetimes.net/2010/04/tybee-jack-on-tybee-2/ HTTP/1.0" 200 12636 "http://www.keywesttraveldealsshop.com/key-west/international-hotel-packages.html" "Mozilla/4.0 (compatible; MSIE 7.0; Windows NT 5.1; .NET CLR 1.1.4322; .NET CLR 2.0.50727; .NET CLR 3.0.04506.30)"
190.60.230.250 - - [30/Jun/2010:05:04:48 -0700] "POST thetybeetimes.net/wp-comments-post.php HTTP/1.0" 302 0 "http://thetybeetimes.net/2010/04/tybee-jack-on-tybee-2/" "Mozilla/4.0 (compatible; MSIE 7.0; Windows NT 5.1; .NET CLR 1.1.4322; .NET CLR 2.0.50727; .NET CLR 3.0.04506.30)"
174.37.205.71 - - [30/Jun/2010:05:15:20 -0700] "GET thetybeetimes.net/wp-content/plugins/nextgen-gallery/xml/media-rss.php HTTP/1.1" 200 8455 "-" "Mozilla/5.0 (X11; U; Linux i686; en-US; rv:1.2.1; aggregator:Spinn3r (Spinn3r 3.1); http://spinn3r.com/robot) Gecko/20021130"
62.253.147.105 - - [30/Jun/2010:05:27:49 -0700] "HEAD thetybeetimes.net/ HTTP/1.1" 200 0 "-" "Xenu Link Sleuth 1.3.5"
174.49.104.32 - - [30/Jun/2010:05:28:27 -0700] "GET thetybeetimes.net/weather/tide-moon-charts/layout-1/ HTTP/1.1" 404 5492 "http://search.yahoo.com/search?webSrchInput=tybee+island+tide+chart&ei=UTF-8&fr=ush-mailc&p=tybee+island+tide+chart" "Mozilla/4.0 (compatible; MSIE 8.0; Windows NT 5.1; Trident/4.0; YPC 3.2.0; .NET CLR 1.1.4322; InfoPath.2)"
75.194.231.40 - - [30/Jun/2010:05:33:53 -0700] "GET thetybeetimes.net/favicon.ico HTTP/1.1" 200 0 "-" "Mozilla/4.0 (compatible; MSIE 8.0; Windows NT 6.0; WOW64; Trident/4.0; SLCC1; .NET CLR 2.0.50727; Media Center PC 5.0; .NET CLR 3.5.30729; .NET CLR 3.0.30729; .NET4.0C)"
138.32.80.20 - - [30/Jun/2010:05:39:05 -0700] "GET thetybeetimes.net/wp-content/themes/default/style.css HTTP/1.1" 200 10345 "-" "Mozilla/4.0 (compatible;)"
138.32.80.20 - - [30/Jun/2010:05:39:05 -0700] "GET thetybeetimes.net/wp-includes/js/swfobject.js?ver=2.1 HTTP/1.1" 200 9759 "-" "Mozilla/4.0 (compatible;)"
138.32.80.20 - - [30/Jun/2010:05:39:05 -0700] "GET thetybeetimes.net/category/tybee-times-guide/nightlife-bars-restaurants/ HTTP/1.1" 200 25127 "-" "BlackBerry8320/4.5.0.81 Profile/MIDP-2.0 Configuration/CLDC-1.1 VendorID/100"
138.32.80.20 - - [30/Jun/2010:05:39:06 -0700] "GET thetybeetimes.net/wp-includes/js/jquery/jquery.js?ver=1.3.2 HTTP/1.1" 200 57276 "-" "Mozilla/4.0 (compatible;)"
138.32.80.20 - - [30/Jun/2010:05:39:06 -0700] "GET thetybeetimes.net/favicon.ico HTTP/1.1" 200 0 "http://thetybeetimes.net/category/tybee-times-guide/nightlife-bars-restaurants/" "BlackBerry8320/4.5.0.81 Profile/MIDP-2.0 Configuration/CLDC-1.1 VendorID/100"
138.32.80.20 - - [30/Jun/2010:05:39:06 -0700] "GET thetybeetimes.net/wp-includes/js/thickbox/thickbox.js?ver=3.1-20091124 HTTP/1.1" 200 12185 "-" "Mozilla/4.0 (compatible;)"
138.32.80.20 - - [30/Jun/2010:05:39:06 -0700] "GET thetybeetimes.net/wp-includes/js/swfobject.js?ver=2.1 HTTP/1.1" 304 - "http://thetybeetimes.net/category/tybee-times-guide/nightlife-bars-restaurants/" "BlackBerry8320/4.5.0.81 Profile/MIDP-2.0 Configuration/CLDC-1.1 VendorID/100"
138.32.80.20 - - [30/Jun/2010:05:39:06 -0700] "GET thetybeetimes.net/xmlrpc.php?rsd HTTP/1.1" 200 915 "-" "Mozilla/4.0 (compatible;)"
138.32.80.20 - - [30/Jun/2010:05:39:06 -0700] "GET thetybeetimes.net/wp-includes/js/thickbox/thickbox.js?ver=3.1-20091124 HTTP/1.1" 304 - "http://thetybeetimes.net/category/tybee-times-guide/nightlife-bars-restaurants/" "BlackBerry8320/4.5.0.81 Profile/MIDP-2.0 Configuration/CLDC-1.1 VendorID/100"
138.32.80.20 - - [30/Jun/2010:05:39:06 -0700] "GET thetybeetimes.net/feed/ HTTP/1.1" 200 57436 "-" "Mozilla/4.0 (compatible;)"
138.32.80.20 - - [30/Jun/2010:05:39:25 -0700] "GET thetybeetimes.net/wp-content/uploads/2010/01/Sarah-Jones-70x70.jpg HTTP/1.1" 200 2479 "-" "BlackBerry8320/4.5.0.81 Profile/MIDP-2.0 Configuration/CLDC-1.1 VendorID/100"
138.32.80.20 - - [30/Jun/2010:05:40:24 -0700] "GET thetybeetimes.net/wp-content/uploads/2010/01/Billy-Doniel-70x70.jpg HTTP/1.1" 200 2358 "-" "BlackBerry8320/4.5.0.81 Profile/MIDP-2.0 Configuration/CLDC-1.1 VendorID/100"
138.32.80.20 - - [30/Jun/2010:05:40:46 -0700] "GET thetybeetimes.net/wp-includes/js/swfobject.js?ver=2.1 HTTP/1.1" 304 - "-" "BlackBerry8320/4.5.0.81 Profile/MIDP-2.0 Configuration/CLDC-1.1 VendorID/100"
138.32.80.20 - - [30/Jun/2010:05:42:21 -0700] "GET thetybeetimes.net/wp-content/uploads/2010/01/Mary-Anne-Street-70x70.jpg HTTP/1.1" 304 - "-" "BlackBerry8320/4.5.0.81 Profile/MIDP-2.0 Configuration/CLDC-1.1 VendorID/100"
138.32.80.20 - - [30/Jun/2010:05:43:01 -0700] "GET thetybeetimes.net/wp-content/themes/tybeetimes/images/ads/GallerybytheSea-300x150.jpg HTTP/1.1" 404 18013 "-" "BlackBerry8320/4.5.0.81 Profile/MIDP-2.0 Configuration/CLDC-1.1 VendorID/100"
138.32.80.20 - - [30/Jun/2010:05:43:01 -0700] "GET thetybeetimes.net/wp-includes/js/jquery/jquery.js?ver=1.3.2 HTTP/1.1" 304 - "http://thetybeetimes.net/wp-content/themes/tybeetimes/images/ads/GallerybytheSea-300x150.jpg" "BlackBerry8320/4.5.0.81 Profile/MIDP-2.0 Configuration/CLDC-1.1 VendorID/100"
138.32.80.20 - - [30/Jun/2010:05:43:01 -0700] "GET thetybeetimes.net/favicon.ico HTTP/1.1" 304 - "http://thetybeetimes.net/wp-content/themes/tybeetimes/images/ads/GallerybytheSea-300x150.jpg" "BlackBerry8320/4.5.0.81 Profile/MIDP-2.0 Configuration/CLDC-1.1 VendorID/100"
138.32.80.20 - - [30/Jun/2010:05:43:01 -0700] "GET thetybeetimes.net/wp-includes/js/swfobject.js?ver=2.1 HTTP/1.1" 304 - "http://thetybeetimes.net/wp-content/themes/tybeetimes/images/ads/GallerybytheSea-300x150.jpg" "BlackBerry8320/4.5.0.81 Profile/MIDP-2.0 Configuration/CLDC-1.1 VendorID/100"
138.32.80.20 - - [30/Jun/2010:05:43:01 -0700] "GET thetybeetimes.net/wp-includes/js/thickbox/thickbox.js?ver=3.1-20091124 HTTP/1.1" 304 - "http://thetybeetimes.net/wp-content/themes/tybeetimes/images/ads/GallerybytheSea-300x150.jpg" "BlackBerry8320/4.5.0.81 Profile/MIDP-2.0 Configuration/CLDC-1.1 VendorID/100"
138.32.80.20 - - [30/Jun/2010:05:44:04 -0700] "GET thetybeetimes.net/wp-content/uploads/2010/01/2010-Polar-Bear-Plunge1-70x70.jpg HTTP/1.1" 200 3726 "-" "BlackBerry8320/4.5.0.81 Profile/MIDP-2.0 Configuration/CLDC-1.1 VendorID/100"
138.32.80.20 - - [30/Jun/2010:05:44:08 -0700] "GET thetybeetimes.net/wp-content/plugins/max-banner-ads/max-banner-ads-lib/include/impression.php?ids=10 HTTP/1.1" 404 17985 "-" "BlackBerry8320/4.5.0.81 Profile/MIDP-2.0 Configuration/CLDC-1.1 VendorID/100"
138.32.80.20 - - [30/Jun/2010:05:44:08 -0700] "GET thetybeetimes.net/wp-includes/js/jquery/jquery.js?ver=1.3.2 HTTP/1.1" 304 - "http://thetybeetimes.net/wp-content/plugins/max-banner-ads/max-banner-ads-lib/include/impression.php?ids=10" "BlackBerry8320/4.5.0.81 Profile/MIDP-2.0 Configuration/CLDC-1.1 VendorID/100"
138.32.80.20 - - [30/Jun/2010:05:44:08 -0700] "GET thetybeetimes.net/favicon.ico HTTP/1.1" 304 - "http://thetybeetimes.net/wp-content/plugins/max-banner-ads/max-banner-ads-lib/include/impression.php?ids=10" "BlackBerry8320/4.5.0.81 Profile/MIDP-2.0 Configuration/CLDC-1.1 VendorID/100"
138.32.80.20 - - [30/Jun/2010:05:44:09 -0700] "GET thetybeetimes.net/wp-includes/js/swfobject.js?ver=2.1 HTTP/1.1" 304 - "http://thetybeetimes.net/wp-content/plugins/max-banner-ads/max-banner-ads-lib/include/impression.php?ids=10" "BlackBerry8320/4.5.0.81 Profile/MIDP-2.0 Configuration/CLDC-1.1 VendorID/100"
138.32.80.20 - - [30/Jun/2010:05:44:09 -0700] "GET thetybeetimes.net/wp-includes/js/thickbox/thickbox.js?ver=3.1-20091124 HTTP/1.1" 304 - "http://thetybeetimes.net/wp-content/plugins/max-banner-ads/max-banner-ads-lib/include/impression.php?ids=10" "BlackBerry8320/4.5.0.81 Profile/MIDP-2.0 Configuration/CLDC-1.1 VendorID/100"
138.32.80.20 - - [30/Jun/2010:05:44:09 -0700] "GET thetybeetimes.net/xmlrpc.php?rsd HTTP/1.1" 200 950 "-" "Mozilla/4.0 (compatible;)"
138.32.80.20 - - [30/Jun/2010:05:44:11 -0700] "GET thetybeetimes.net/wp-content/uploads/2010/01/The-Tybee-Island-Garden-Club-70x70.jpg HTTP/1.1" 200 4092 "-" "BlackBerry8320/4.5.0.81 Profile/MIDP-2.0 Configuration/CLDC-1.1 VendorID/100"
202.138.180.198 - - [30/Jun/2010:05:46:12 -0700] "GET thetybeetimes.net/2010/05/its-those-bums-again/ HTTP/1.1" 200 22050 "http://www.jerseys-trade.com" "Mozilla/5.0 (Windows; U; Windows NT 5.1; pl; rv:1.9.1.3) Gecko/20090824 Firefox/3.5.3"
202.138.180.198 - - [30/Jun/2010:05:46:20 -0700] "POST thetybeetimes.net/wp-comments-post.php HTTP/1.1" 302 5 "http://thetybeetimes.net/2010/05/its-those-bums-again/" "Mozilla/5.0 (Windows; U; Windows NT 5.1; pl; rv:1.9.1.3) Gecko/20090824 Firefox/3.5.3"
72.155.46.16 - - [30/Jun/2010:05:50:44 -0700] "GET www.thetybeetimes.net/ HTTP/1.1" 301 5 "http://www.facebook.com/l.php?u=http%3A%2F%2Fwww.thetybeetimes.net%2F&h=ce4bamaLFnrbXVwWENIxIZxTjoA" "Mozilla/5.0 (Macintosh; U; Intel Mac OS X 10_5_8; en-us) AppleWebKit/531.22.7 (KHTML, like Gecko) Version/4.0.5 Safari/531.22.7"
72.155.46.16 - - [30/Jun/2010:05:50:45 -0700] "GET thetybeetimes.net/wp-content/themes/default/style.css HTTP/1.1" 200 10345 "http://thetybeetimes.net/" "Mozilla/5.0 (Macintosh; U; Intel Mac OS X 10_5_8; en-us) AppleWebKit/531.22.7 (KHTML, like Gecko) Version/4.0.5 Safari/531.22.7"
72.155.46.16 - - [30/Jun/2010:05:50:45 -0700] "GET thetybeetimes.net/wp-includes/js/thickbox/thickbox.css?ver=20090514 HTTP/1.1" 200 3864 "http://thetybeetimes.net/" "Mozilla/5.0 (Macintosh; U; Intel Mac OS X 10_5_8; en-us) AppleWebKit/531.22.7 (KHTML, like Gecko) Version/4.0.5 Safari/531.22.7"
72.155.46.16 - - [30/Jun/2010:05:50:45 -0700] "GET thetybeetimes.net/ HTTP/1.1" 200 44063 "http://www.facebook.com/l.php?u=http%3A%2F%2Fwww.thetybeetimes.net%2F&h=ce4bamaLFnrbXVwWENIxIZxTjoA" "Mozilla/5.0 (Macintosh; U; Intel Mac OS X 10_5_8; en-us) AppleWebKit/531.22.7 (KHTML, like Gecko) Version/4.0.5 Safari/531.22.7"
72.155.46.16 - - [30/Jun/2010:05:50:45 -0700] "GET thetybeetimes.net/wp-includes/js/swfobject.js?ver=2.1 HTTP/1.1" 200 9759 "http://thetybeetimes.net/" "Mozilla/5.0 (Macintosh; U; Intel Mac OS X 10_5_8; en-us) AppleWebKit/531.22.7 (KHTML, like Gecko) Version/4.0.5 Safari/531.22.7"
72.155.46.16 - - [30/Jun/2010:05:50:45 -0700] "GET thetybeetimes.net/wp-includes/js/jquery/jquery.js?ver=1.3.2 HTTP/1.1" 200 57276 "http://thetybeetimes.net/" "Mozilla/5.0 (Macintosh; U; Intel Mac OS X 10_5_8; en-us) AppleWebKit/531.22.7 (KHTML, like Gecko) Version/4.0.5 Safari/531.22.7"
69.63.181.251 - - [30/Jun/2010:05:50:46 -0700] "GET thetybeetimes.net/wp-content/uploads/2010/01/Sarah-Jones.jpg HTTP/1.1" 200 15562 "-" "facebookexternalhit/1.0 (+http://www.facebook.com/externalhit_uatext.php)"
72.155.46.16 - - [30/Jun/2010:05:50:46 -0700] "GET thetybeetimes.net/wp-content/plugins/nextgen-gallery/css/nggallery.css?ver=1.0.0 HTTP/1.1" 200 6637 "http://thetybeetimes.net/" "Mozilla/5.0 (Macintosh; U; Intel Mac OS X 10_5_8; en-us) AppleWebKit/531.22.7 (KHTML, like Gecko) Version/4.0.5 Safari/531.22.7"
72.155.46.16 - - [30/Jun/2010:05:50:47 -0700] "GET thetybeetimes.net/wp-includes/js/thickbox/thickbox.js?ver=3.1-20091124 HTTP/1.1" 200 12185 "http://thetybeetimes.net/" "Mozilla/5.0 (Macintosh; U; Intel Mac OS X 10_5_8; en-us) AppleWebKit/531.22.7 (KHTML, like Gecko) Version/4.0.5 Safari/531.22.7"
72.155.46.16 - - [30/Jun/2010:05:50:47 -0700] "GET thetybeetimes.net/wp-content/themes/default/images/kubrickbg-ltr.jpg HTTP/1.1" 200 1043 "http://thetybeetimes.net/" "Mozilla/5.0 (Macintosh; U; Intel Mac OS X 10_5_8; en-us) AppleWebKit/531.22.7 (KHTML, like Gecko) Version/4.0.5 Safari/531.22.7"
72.155.46.16 - - [30/Jun/2010:05:50:47 -0700] "GET thetybeetimes.net/wp-content/themes/default/images/kubrickbgcolor.jpg HTTP/1.1" 200 556 "http://thetybeetimes.net/" "Mozilla/5.0 (Macintosh; U; Intel Mac OS X 10_5_8; en-us) AppleWebKit/531.22.7 (KHTML, like Gecko) Version/4.0.5 Safari/531.22.7"
72.155.46.16 - - [30/Jun/2010:05:50:47 -0700] "GET thetybeetimes.net/wp-content/themes/default/images/kubrickheader.jpg HTTP/1.1" 200 7868 "http://thetybeetimes.net/" "Mozilla/5.0 (Macintosh; U; Intel Mac OS X 10_5_8; en-us) AppleWebKit/531.22.7 (KHTML, like Gecko) Version/4.0.5 Safari/531.22.7"
72.155.46.16 - - [30/Jun/2010:05:50:47 -0700] "GET thetybeetimes.net/wp-content/uploads/2010/06/23291_131357780214761_4396_n.jpg HTTP/1.1" 200 13721 "http://thetybeetimes.net/" "Mozilla/5.0 (Macintosh; U; Intel Mac OS X 10_5_8; en-us) AppleWebKit/531.22.7 (KHTML, like Gecko) Version/4.0.5 Safari/531.22.7"
72.155.46.16 - - [30/Jun/2010:05:50:47 -0700] "GET thetybeetimes.net/wp-content/uploads/2010/05/P9250111-266x200.jpg HTTP/1.1" 200 11263 "http://thetybeetimes.net/" "Mozilla/5.0 (Macintosh; U; Intel Mac OS X 10_5_8; en-us) AppleWebKit/531.22.7 (KHTML, like Gecko) Version/4.0.5 Safari/531.22.7"
72.155.46.16 - - [30/Jun/2010:05:50:47 -0700] "GET thetybeetimes.net/wp-content/uploads/2010/05/Lightplane-abandoned1.jpg HTTP/1.1" 200 15420 "http://thetybeetimes.net/" "Mozilla/5.0 (Macintosh; U; Intel Mac OS X 10_5_8; en-us) AppleWebKit/531.22.7 (KHTML, like Gecko) Version/4.0.5 Safari/531.22.7"
72.155.46.16 - - [30/Jun/2010:05:50:47 -0700] "GET thetybeetimes.net/wp-content/uploads/2010/05/Joni_Bishop1.jpg HTTP/1.1" 200 7757 "http://thetybeetimes.net/" "Mozilla/5.0 (Macintosh; U; Intel Mac OS X 10_5_8; en-us) AppleWebKit/531.22.7 (KHTML, like Gecko) Version/4.0.5 Safari/531.22.7"
72.155.46.16 - - [30/Jun/2010:05:50:47 -0700] "GET thetybeetimes.net/wp-content/uploads/2010/05/Tybee-Theater.jpg HTTP/1.1" 200 13187 "http://thetybeetimes.net/" "Mozilla/5.0 (Macintosh; U; Intel Mac OS X 10_5_8; en-us) AppleWebKit/531.22.7 (KHTML, like Gecko) Version/4.0.5 Safari/531.22.7"
72.155.46.16 - - [30/Jun/2010:05:50:48 -0700] "GET thetybeetimes.net/wp-content/uploads/2010/05/Darryl-Wise.jpg HTTP/1.1" 200 16191 "http://thetybeetimes.net/" "Mozilla/5.0 (Macintosh; U; Intel Mac OS X 10_5_8; en-us) AppleWebKit/531.22.7 (KHTML, like Gecko) Version/4.0.5 Safari/531.22.7"
72.155.46.16 - - [30/Jun/2010:05:50:48 -0700] "GET thetybeetimes.net/wp-content/uploads/2010/05/Michael-Amburgey.jpg HTTP/1.1" 200 12911 "http://thetybeetimes.net/" "Mozilla/5.0 (Macintosh; U; Intel Mac OS X 10_5_8; en-us) AppleWebKit/531.22.7 (KHTML, like Gecko) Version/4.0.5 Safari/531.22.7"
72.155.46.16 - - [30/Jun/2010:05:50:48 -0700] "GET thetybeetimes.net/wp-content/uploads/2010/05/Jimmy_Maddox2-299x200.jpg HTTP/1.1" 200 8512 "http://thetybeetimes.net/" "Mozilla/5.0 (Macintosh; U; Intel Mac OS X 10_5_8; en-us) AppleWebKit/531.22.7 (KHTML, like Gecko) Version/4.0.5 Safari/531.22.7"
72.155.46.16 - - [30/Jun/2010:05:50:48 -0700] "GET thetybeetimes.net/wp-content/uploads/2010/05/Tybee-Theater2.jpg HTTP/1.1" 200 18992 "http://thetybeetimes.net/" "Mozilla/5.0 (Macintosh; U; Intel Mac OS X 10_5_8; en-us) AppleWebKit/531.22.7 (KHTML, like Gecko) Version/4.0.5 Safari/531.22.7"
72.155.46.16 - - [30/Jun/2010:05:50:48 -0700] "GET thetybeetimes.net/wp-content/uploads/2010/02/Maya.jpg HTTP/1.1" 200 17495 "http://thetybeetimes.net/" "Mozilla/5.0 (Macintosh; U; Intel Mac OS X 10_5_8; en-us) AppleWebKit/531.22.7 (KHTML, like Gecko) Version/4.0.5 Safari/531.22.7"
72.155.46.16 - - [30/Jun/2010:05:50:48 -0700] "GET thetybeetimes.net/wp-content/themes/default/images/kubrickfooter.jpg HTTP/1.1" 200 2443 "http://thetybeetimes.net/" "Mozilla/5.0 (Macintosh; U; Intel Mac OS X 10_5_8; en-us) AppleWebKit/531.22.7 (KHTML, like Gecko) Version/4.0.5 Safari/531.22.7"
72.155.46.16 - - [30/Jun/2010:05:50:49 -0700] "GET thetybeetimes.net/wp-includes/js/thickbox/loadingAnimation.gif HTTP/1.1" 200 5886 "http://thetybeetimes.net/" "Mozilla/5.0 (Macintosh; U; Intel Mac OS X 10_5_8; en-us) AppleWebKit/531.22.7 (KHTML, like Gecko) Version/4.0.5 Safari/531.22.7"
72.155.46.16 - - [30/Jun/2010:05:50:51 -0700] "GET thetybeetimes.net/wp-content/uploads/2010/05/SongwritersCircle2.jpg HTTP/1.1" 200 236873 "http://thetybeetimes.net/" "Mozilla/5.0 (Macintosh; U; Intel Mac OS X 10_5_8; en-us) AppleWebKit/531.22.7 (KHTML, like Gecko) Version/4.0.5 Safari/531.22.7"
69.63.179.34 - - [30/Jun/2010:05:50:51 -0700] "GET www.thetybeetimes.net/robots.txt HTTP/1.1" 200 38 "-" "Facebook share follower"
69.63.179.33 - - [30/Jun/2010:05:50:52 -0700] "GET www.thetybeetimes.net/ HTTP/1.1" 301 5 "-" "Facebook share follower"
72.155.46.16 - - [30/Jun/2010:05:50:52 -0700] "GET thetybeetimes.net/favicon.ico HTTP/1.1" 200 0 "http://thetybeetimes.net/" "Mozilla/5.0 (Macintosh; U; Intel Mac OS X 10_5_8; en-us) AppleWebKit/531.22.7 (KHTML, like Gecko) Version/4.0.5 Safari/531.22.7"
69.63.179.33 - - [30/Jun/2010:05:50:52 -0700] "GET thetybeetimes.net/ HTTP/1.1" 200 43895 "-" "Facebook share follower"
119.63.193.215 - - [30/Jun/2010:05:56:33 -0700] "GET thetybeetimes.net/ HTTP/1.1" 200 43546 "-" "Mozilla/4.0 (compatible; MSIE 6.0; Windows NT 5.1)"
67.18.5.150 - - [30/Jun/2010:06:02:33 -0700] "GET www.thetybeetimes.net/2010/02/third-thursdays-on-tybee/feed HTTP/1.1" 301 5 "-" "Mozilla/5.0 (en-US)"
67.18.5.150 - - [30/Jun/2010:06:02:34 -0700] "GET thetybeetimes.net/2010/02/third-thursdays-on-tybee/feed/ HTTP/1.1" 200 859 "-" "Mozilla/5.0 (en-US)"
69.254.64.75 - - [30/Jun/2010:06:06:32 -0700] "GET thetybeetimes.net/comments/feed/ HTTP/1.1" 200 9366 "-" "Mozilla/5.0 (Macintosh; U; Intel Mac OS X 10.5; en-US; rv:1.9.2.3) Gecko/20100401 Firefox/3.6.3"
69.254.64.75 - - [30/Jun/2010:06:06:36 -0700] "GET thetybeetimes.net/comments/feed/ HTTP/1.1" 304 0 "-" "Mozilla/5.0 (Macintosh; U; Intel Mac OS X 10.5; en-US; rv:1.9.2.3) Gecko/20100401 Firefox/3.6.3"
209.85.238.216 - - [30/Jun/2010:06:11:55 -0700] "GET thetybeetimes.net/ HTTP/1.1" 200 43867 "-" "Feedfetcher-Google; (+http://www.google.com/feedfetcher.html; 1 subscribers; feed-id=8694166601657009783)"
173.65.89.16 - - [30/Jun/2010:06:20:13 -0700] "GET thetybeetimes.net/wp-content/themes/default/style.css HTTP/1.1" 200 10345 "http://thetybeetimes.net/" "Mozilla/4.0 (compatible; MSIE 8.0; Windows NT 6.0; WOW64; Trident/4.0; SLCC1; .NET CLR 2.0.50727; Media Center PC 5.0; .NET CLR 3.5.30729; .NET CLR 3.0.30729; .NET4.0C)"
173.65.89.16 - - [30/Jun/2010:06:20:13 -0700] "GET thetybeetimes.net/wp-content/plugins/nextgen-gallery/css/nggallery.css?ver=1.0.0 HTTP/1.1" 200 6637 "http://thetybeetimes.net/" "Mozilla/4.0 (compatible; MSIE 8.0; Windows NT 6.0; WOW64; Trident/4.0; SLCC1; .NET CLR 2.0.50727; Media Center PC 5.0; .NET CLR 3.5.30729; .NET CLR 3.0.30729; .NET4.0C)"
173.65.89.16 - - [30/Jun/2010:06:20:13 -0700] "GET thetybeetimes.net/wp-includes/js/thickbox/thickbox.css?ver=20090514 HTTP/1.1" 200 3864 "http://thetybeetimes.net/" "Mozilla/4.0 (compatible; MSIE 8.0; Windows NT 6.0; WOW64; Trident/4.0; SLCC1; .NET CLR 2.0.50727; Media Center PC 5.0; .NET CLR 3.5.30729; .NET CLR 3.0.30729; .NET4.0C)"
173.65.89.16 - - [30/Jun/2010:06:20:13 -0700] "GET thetybeetimes.net/ HTTP/1.1" 200 43658 "-" "Mozilla/4.0 (compatible; MSIE 8.0; Windows NT 6.0; WOW64; Trident/4.0; SLCC1; .NET CLR 2.0.50727; Media Center PC 5.0; .NET CLR 3.5.30729; .NET CLR 3.0.30729; .NET4.0C)"
173.65.89.16 - - [30/Jun/2010:06:20:13 -0700] "GET thetybeetimes.net/wp-includes/js/swfobject.js?ver=2.1 HTTP/1.1" 200 9759 "http://thetybeetimes.net/" "Mozilla/4.0 (compatible; MSIE 8.0; Windows NT 6.0; WOW64; Trident/4.0; SLCC1; .NET CLR 2.0.50727; Media Center PC 5.0; .NET CLR 3.5.30729; .NET CLR 3.0.30729; .NET4.0C)"
173.65.89.16 - - [30/Jun/2010:06:20:13 -0700] "GET thetybeetimes.net/wp-includes/js/jquery/jquery.js?ver=1.3.2 HTTP/1.1" 200 57276 "http://thetybeetimes.net/" "Mozilla/4.0 (compatible; MSIE 8.0; Windows NT 6.0; WOW64; Trident/4.0; SLCC1; .NET CLR 2.0.50727; Media Center PC 5.0; .NET CLR 3.5.30729; .NET CLR 3.0.30729; .NET4.0C)"
173.65.89.16 - - [30/Jun/2010:06:20:14 -0700] "GET thetybeetimes.net/wp-content/uploads/2010/06/23291_131357780214761_4396_n.jpg HTTP/1.1" 200 13721 "http://thetybeetimes.net/" "Mozilla/4.0 (compatible; MSIE 8.0; Windows NT 6.0; WOW64; Trident/4.0; SLCC1; .NET CLR 2.0.50727; Media Center PC 5.0; .NET CLR 3.5.30729; .NET CLR 3.0.30729; .NET4.0C)"
173.65.89.16 - - [30/Jun/2010:06:20:14 -0700] "GET thetybeetimes.net/wp-content/uploads/2010/05/Lightplane-abandoned1.jpg HTTP/1.1" 200 15420 "http://thetybeetimes.net/" "Mozilla/4.0 (compatible; MSIE 8.0; Windows NT 6.0; WOW64; Trident/4.0; SLCC1; .NET CLR 2.0.50727; Media Center PC 5.0; .NET CLR 3.5.30729; .NET CLR 3.0.30729; .NET4.0C)"
173.65.89.16 - - [30/Jun/2010:06:20:14 -0700] "GET thetybeetimes.net/wp-content/uploads/2010/05/Joni_Bishop1.jpg HTTP/1.1" 200 7757 "http://thetybeetimes.net/" "Mozilla/4.0 (compatible; MSIE 8.0; Windows NT 6.0; WOW64; Trident/4.0; SLCC1; .NET CLR 2.0.50727; Media Center PC 5.0; .NET CLR 3.5.30729; .NET CLR 3.0.30729; .NET4.0C)"
173.65.89.16 - - [30/Jun/2010:06:20:14 -0700] "GET thetybeetimes.net/wp-content/uploads/2010/05/Tybee-Theater.jpg HTTP/1.1" 200 13187 "http://thetybeetimes.net/" "Mozilla/4.0 (compatible; MSIE 8.0; Windows NT 6.0; WOW64; Trident/4.0; SLCC1; .NET CLR 2.0.50727; Media Center PC 5.0; .NET CLR 3.5.30729; .NET CLR 3.0.30729; .NET4.0C)"
173.65.89.16 - - [30/Jun/2010:06:20:14 -0700] "GET thetybeetimes.net/wp-content/uploads/2010/05/Darryl-Wise.jpg HTTP/1.1" 200 16191 "http://thetybeetimes.net/" "Mozilla/4.0 (compatible; MSIE 8.0; Windows NT 6.0; WOW64; Trident/4.0; SLCC1; .NET CLR 2.0.50727; Media Center PC 5.0; .NET CLR 3.5.30729; .NET CLR 3.0.30729; .NET4.0C)"
173.65.89.16 - - [30/Jun/2010:06:20:15 -0700] "GET thetybeetimes.net/wp-content/uploads/2010/05/Michael-Amburgey.jpg HTTP/1.1" 200 12911 "http://thetybeetimes.net/" "Mozilla/4.0 (compatible; MSIE 8.0; Windows NT 6.0; WOW64; Trident/4.0; SLCC1; .NET CLR 2.0.50727; Media Center PC 5.0; .NET CLR 3.5.30729; .NET CLR 3.0.30729; .NET4.0C)"
173.65.89.16 - - [30/Jun/2010:06:20:15 -0700] "GET thetybeetimes.net/wp-content/uploads/2010/05/Tybee-Theater2.jpg HTTP/1.1" 200 18992 "http://thetybeetimes.net/" "Mozilla/4.0 (compatible; MSIE 8.0; Windows NT 6.0; WOW64; Trident/4.0; SLCC1; .NET CLR 2.0.50727; Media Center PC 5.0; .NET CLR 3.5.30729; .NET CLR 3.0.30729; .NET4.0C)"
173.65.89.16 - - [30/Jun/2010:06:20:15 -0700] "GET thetybeetimes.net/wp-content/uploads/2010/05/Jimmy_Maddox2-299x200.jpg HTTP/1.1" 200 8512 "http://thetybeetimes.net/" "Mozilla/4.0 (compatible; MSIE 8.0; Windows NT 6.0; WOW64; Trident/4.0; SLCC1; .NET CLR 2.0.50727; Media Center PC 5.0; .NET CLR 3.5.30729; .NET CLR 3.0.30729; .NET4.0C)"
173.65.89.16 - - [30/Jun/2010:06:20:15 -0700] "GET thetybeetimes.net/wp-includes/js/thickbox/thickbox.js?ver=3.1-20091124 HTTP/1.1" 200 12185 "http://thetybeetimes.net/" "Mozilla/4.0 (compatible; MSIE 8.0; Windows NT 6.0; WOW64; Trident/4.0; SLCC1; .NET CLR 2.0.50727; Media Center PC 5.0; .NET CLR 3.5.30729; .NET CLR 3.0.30729; .NET4.0C)"
173.65.89.16 - - [30/Jun/2010:06:20:15 -0700] "GET thetybeetimes.net/wp-content/uploads/2010/02/Maya.jpg HTTP/1.1" 200 17495 "http://thetybeetimes.net/" "Mozilla/4.0 (compatible; MSIE 8.0; Windows NT 6.0; WOW64; Trident/4.0; SLCC1; .NET CLR 2.0.50727; Media Center PC 5.0; .NET CLR 3.5.30729; .NET CLR 3.0.30729; .NET4.0C)"
173.65.89.16 - - [30/Jun/2010:06:20:15 -0700] "GET thetybeetimes.net/wp-content/themes/default/images/kubrickbgcolor.jpg HTTP/1.1" 200 556 "http://thetybeetimes.net/" "Mozilla/4.0 (compatible; MSIE 8.0; Windows NT 6.0; WOW64; Trident/4.0; SLCC1; .NET CLR 2.0.50727; Media Center PC 5.0; .NET CLR 3.5.30729; .NET CLR 3.0.30729; .NET4.0C)"
173.65.89.16 - - [30/Jun/2010:06:20:15 -0700] "GET thetybeetimes.net/wp-content/themes/default/images/kubrickbg-ltr.jpg HTTP/1.1" 200 1043 "http://thetybeetimes.net/" "Mozilla/4.0 (compatible; MSIE 8.0; Windows NT 6.0; WOW64; Trident/4.0; SLCC1; .NET CLR 2.0.50727; Media Center PC 5.0; .NET CLR 3.5.30729; .NET CLR 3.0.30729; .NET4.0C)"
173.65.89.16 - - [30/Jun/2010:06:20:15 -0700] "GET thetybeetimes.net/wp-content/uploads/2010/05/P9250111-266x200.jpg HTTP/1.1" 200 11263 "http://thetybeetimes.net/" "Mozilla/4.0 (compatible; MSIE 8.0; Windows NT 6.0; WOW64; Trident/4.0; SLCC1; .NET CLR 2.0.50727; Media Center PC 5.0; .NET CLR 3.5.30729; .NET CLR 3.0.30729; .NET4.0C)"
173.65.89.16 - - [30/Jun/2010:06:20:15 -0700] "GET thetybeetimes.net/wp-content/themes/default/images/kubrickheader.jpg HTTP/1.1" 200 7868 "http://thetybeetimes.net/" "Mozilla/4.0 (compatible; MSIE 8.0; Windows NT 6.0; WOW64; Trident/4.0; SLCC1; .NET CLR 2.0.50727; Media Center PC 5.0; .NET CLR 3.5.30729; .NET CLR 3.0.30729; .NET4.0C)"
173.65.89.16 - - [30/Jun/2010:06:20:15 -0700] "GET thetybeetimes.net/wp-content/themes/default/images/kubrickfooter.jpg HTTP/1.1" 200 2443 "http://thetybeetimes.net/" "Mozilla/4.0 (compatible; MSIE 8.0; Windows NT 6.0; WOW64; Trident/4.0; SLCC1; .NET CLR 2.0.50727; Media Center PC 5.0; .NET CLR 3.5.30729; .NET CLR 3.0.30729; .NET4.0C)"
173.65.89.16 - - [30/Jun/2010:06:20:15 -0700] "GET thetybeetimes.net/wp-includes/js/thickbox/loadingAnimation.gif HTTP/1.1" 200 5886 "http://thetybeetimes.net/" "Mozilla/4.0 (compatible; MSIE 8.0; Windows NT 6.0; WOW64; Trident/4.0; SLCC1; .NET CLR 2.0.50727; Media Center PC 5.0; .NET CLR 3.5.30729; .NET CLR 3.0.30729; .NET4.0C)"
173.65.89.16 - - [30/Jun/2010:06:20:15 -0700] "GET thetybeetimes.net/wp-content/uploads/2010/05/SongwritersCircle2.jpg HTTP/1.1" 200 236873 "http://thetybeetimes.net/" "Mozilla/4.0 (compatible; MSIE 8.0; Windows NT 6.0; WOW64; Trident/4.0; SLCC1; .NET CLR 2.0.50727; Media Center PC 5.0; .NET CLR 3.5.30729; .NET CLR 3.0.30729; .NET4.0C)"
173.65.89.16 - - [30/Jun/2010:06:20:16 -0700] "GET thetybeetimes.net/favicon.ico HTTP/1.1" 200 0 "-" "Mozilla/4.0 (compatible; MSIE 8.0; Windows NT 6.0; WOW64; Trident/4.0; SLCC1; .NET CLR 2.0.50727; Media Center PC 5.0; .NET CLR 3.5.30729; .NET CLR 3.0.30729; .NET4.0C)"
174.36.228.154 - - [30/Jun/2010:06:23:37 -0700] "GET thetybeetimes.net/wp-content/plugins/nextgen-gallery/xml/media-rss.php HTTP/1.1" 200 8462 "-" "Mozilla/5.0 (X11; U; Linux i686; en-US; rv:1.2.1; aggregator:Spinn3r (Spinn3r 3.1); http://spinn3r.com/robot) Gecko/20021130"
94.102.51.196 - - [30/Jun/2010:06:23:40 -0700] "GET thetybeetimes.net/2010/06/tybee-police-chief-suspended-over-tasing-incident/ HTTP/1.0" 200 22340 "http://thetybeetimes.net/2010/06/tybee-police-chief-suspended-over-tasing-incident/" "Mozilla/4.0 (compatible; MSIE 6.0; Windows NT 5.1; SV1; Media Center PC"
94.102.51.196 - - [30/Jun/2010:06:23:42 -0700] "POST thetybeetimes.net/wp-comments-post.php HTTP/1.0" 302 0 "http://thetybeetimes.net/2010/06/tybee-police-chief-suspended-over-tasing-incident/" "Mozilla/4.0 (compatible; MSIE 6.0; Windows NT 5.1; SV1; Media Center PC"
62.253.147.105 - - [30/Jun/2010:06:33:43 -0700] "HEAD thetybeetimes.net/ HTTP/1.1" 200 0 "-" "Xenu Link Sleuth 1.3.5"
60.45.175.176 - - [30/Jun/2010:06:43:14 -0700] "GET thetybeetimes.net/2010/03/surfer-of-the-month/ HTTP/1.1" 200 12964 "http://happy-skiing.com/top.html" "Mozilla/4.0 (compatible; MSIE 8.0; Windows NT 5.1; Trident/4.0; .NET CLR 1.1.4322; .NET CLR 2.0.50727; .NET CLR 3.0.04506.30; .NET CLR 3.0.4506.2152; .NET CLR 3.5.30729)"
60.45.175.176 - - [30/Jun/2010:06:43:15 -0700] "GET thetybeetimes.net/wp-content/themes/default/style.css HTTP/1.1" 200 10345 "http://thetybeetimes.net/2010/03/surfer-of-the-month/" "Mozilla/4.0 (compatible; MSIE 8.0; Windows NT 5.1; Trident/4.0; .NET CLR 1.1.4322; .NET CLR 2.0.50727; .NET CLR 3.0.04506.30; .NET CLR 3.0.4506.2152; .NET CLR 3.5.30729)"
60.45.175.176 - - [30/Jun/2010:06:43:15 -0700] "GET thetybeetimes.net/wp-includes/js/thickbox/thickbox.css?ver=20090514 HTTP/1.1" 200 3864 "http://thetybeetimes.net/2010/03/surfer-of-the-month/" "Mozilla/4.0 (compatible; MSIE 8.0; Windows NT 5.1; Trident/4.0; .NET CLR 1.1.4322; .NET CLR 2.0.50727; .NET CLR 3.0.04506.30; .NET CLR 3.0.4506.2152; .NET CLR 3.5.30729)"
60.45.175.176 - - [30/Jun/2010:06:43:15 -0700] "GET thetybeetimes.net/wp-includes/js/swfobject.js?ver=2.1 HTTP/1.1" 200 9759 "http://thetybeetimes.net/2010/03/surfer-of-the-month/" "Mozilla/4.0 (compatible; MSIE 8.0; Windows NT 5.1; Trident/4.0; .NET CLR 1.1.4322; .NET CLR 2.0.50727; .NET CLR 3.0.04506.30; .NET CLR 3.0.4506.2152; .NET CLR 3.5.30729)"
60.45.175.176 - - [30/Jun/2010:06:43:15 -0700] "GET thetybeetimes.net/wp-includes/js/comment-reply.js?ver=20090102 HTTP/1.1" 200 786 "http://thetybeetimes.net/2010/03/surfer-of-the-month/" "Mozilla/4.0 (compatible; MSIE 8.0; Windows NT 5.1; Trident/4.0; .NET CLR 1.1.4322; .NET CLR 2.0.50727; .NET CLR 3.0.04506.30; .NET CLR 3.0.4506.2152; .NET CLR 3.5.30729)"
60.45.175.176 - - [30/Jun/2010:06:43:15 -0700] "GET thetybeetimes.net/wp-content/plugins/nextgen-gallery/css/nggallery.css?ver=1.0.0 HTTP/1.1" 200 6637 "http://thetybeetimes.net/2010/03/surfer-of-the-month/" "Mozilla/4.0 (compatible; MSIE 8.0; Windows NT 5.1; Trident/4.0; .NET CLR 1.1.4322; .NET CLR 2.0.50727; .NET CLR 3.0.04506.30; .NET CLR 3.0.4506.2152; .NET CLR 3.5.30729)"
60.45.175.176 - - [30/Jun/2010:06:43:15 -0700] "GET thetybeetimes.net/wp-includes/js/thickbox/thickbox.js?ver=3.1-20091124 HTTP/1.1" 200 12185 "http://thetybeetimes.net/2010/03/surfer-of-the-month/" "Mozilla/4.0 (compatible; MSIE 8.0; Windows NT 5.1; Trident/4.0; .NET CLR 1.1.4322; .NET CLR 2.0.50727; .NET CLR 3.0.04506.30; .NET CLR 3.0.4506.2152; .NET CLR 3.5.30729)"
60.45.175.176 - - [30/Jun/2010:06:43:16 -0700] "GET thetybeetimes.net/wp-includes/js/jquery/jquery.js?ver=1.3.2 HTTP/1.1" 200 57276 "http://thetybeetimes.net/2010/03/surfer-of-the-month/" "Mozilla/4.0 (compatible; MSIE 8.0; Windows NT 5.1; Trident/4.0; .NET CLR 1.1.4322; .NET CLR 2.0.50727; .NET CLR 3.0.04506.30; .NET CLR 3.0.4506.2152; .NET CLR 3.5.30729)"
60.45.175.176 - - [30/Jun/2010:06:43:16 -0700] "GET thetybeetimes.net/wp-content/themes/default/images/kubrickbgcolor.jpg HTTP/1.1" 200 556 "http://thetybeetimes.net/2010/03/surfer-of-the-month/" "Mozilla/4.0 (compatible; MSIE 8.0; Windows NT 5.1; Trident/4.0; .NET CLR 1.1.4322; .NET CLR 2.0.50727; .NET CLR 3.0.04506.30; .NET CLR 3.0.4506.2152; .NET CLR 3.5.30729)"
60.45.175.176 - - [30/Jun/2010:06:43:16 -0700] "GET thetybeetimes.net/wp-content/themes/default/images/kubrickbgwide.jpg HTTP/1.1" 200 1014 "http://thetybeetimes.net/2010/03/surfer-of-the-month/" "Mozilla/4.0 (compatible; MSIE 8.0; Windows NT 5.1; Trident/4.0; .NET CLR 1.1.4322; .NET CLR 2.0.50727; .NET CLR 3.0.04506.30; .NET CLR 3.0.4506.2152; .NET CLR 3.5.30729)"
60.45.175.176 - - [30/Jun/2010:06:43:16 -0700] "GET thetybeetimes.net/wp-content/themes/default/images/kubrickheader.jpg HTTP/1.1" 200 7868 "http://thetybeetimes.net/2010/03/surfer-of-the-month/" "Mozilla/4.0 (compatible; MSIE 8.0; Windows NT 5.1; Trident/4.0; .NET CLR 1.1.4322; .NET CLR 2.0.50727; .NET CLR 3.0.04506.30; .NET CLR 3.0.4506.2152; .NET CLR 3.5.30729)"
60.45.175.176 - - [30/Jun/2010:06:43:16 -0700] "GET thetybeetimes.net/wp-content/themes/default/images/kubrickfooter.jpg HTTP/1.1" 200 2443 "http://thetybeetimes.net/2010/03/surfer-of-the-month/" "Mozilla/4.0 (compatible; MSIE 8.0; Windows NT 5.1; Trident/4.0; .NET CLR 1.1.4322; .NET CLR 2.0.50727; .NET CLR 3.0.04506.30; .NET CLR 3.0.4506.2152; .NET CLR 3.5.30729)"
60.45.175.176 - - [30/Jun/2010:06:43:16 -0700] "GET thetybeetimes.net/wp-includes/js/thickbox/loadingAnimation.gif HTTP/1.1" 200 5886 "http://thetybeetimes.net/2010/03/surfer-of-the-month/" "Mozilla/4.0 (compatible; MSIE 8.0; Windows NT 5.1; Trident/4.0; .NET CLR 1.1.4322; .NET CLR 2.0.50727; .NET CLR 3.0.04506.30; .NET CLR 3.0.4506.2152; .NET CLR 3.5.30729)"
60.45.175.176 - - [30/Jun/2010:06:43:17 -0700] "GET thetybeetimes.net/wp-content/uploads/2010/03/Atsushi_is_at_home.jpg HTTP/1.1" 200 43970 "http://thetybeetimes.net/2010/03/surfer-of-the-month/" "Mozilla/4.0 (compatible; MSIE 8.0; Windows NT 5.1; Trident/4.0; .NET CLR 1.1.4322; .NET CLR 2.0.50727; .NET CLR 3.0.04506.30; .NET CLR 3.0.4506.2152; .NET CLR 3.5.30729)"
60.45.175.176 - - [30/Jun/2010:06:43:17 -0700] "GET thetybeetimes.net/wp-content/uploads/2010/03/Atsushi.jpg HTTP/1.1" 200 53500 "http://thetybeetimes.net/2010/03/surfer-of-the-month/" "Mozilla/4.0 (compatible; MSIE 8.0; Windows NT 5.1; Trident/4.0; .NET CLR 1.1.4322; .NET CLR 2.0.50727; .NET CLR 3.0.04506.30; .NET CLR 3.0.4506.2152; .NET CLR 3.5.30729)"
60.45.175.176 - - [30/Jun/2010:06:43:17 -0700] "GET thetybeetimes.net/wp-content/uploads/2010/03/Atsushi_enjoying_the_beach.jpg HTTP/1.1" 200 43189 "http://thetybeetimes.net/2010/03/surfer-of-the-month/" "Mozilla/4.0 (compatible; MSIE 8.0; Windows NT 5.1; Trident/4.0; .NET CLR 1.1.4322; .NET CLR 2.0.50727; .NET CLR 3.0.04506.30; .NET CLR 3.0.4506.2152; .NET CLR 3.5.30729)"
60.45.175.176 - - [30/Jun/2010:06:43:17 -0700] "GET thetybeetimes.net/favicon.ico HTTP/1.1" 200 0 "-" "Mozilla/4.0 (compatible; MSIE 8.0; Windows NT 5.1; Trident/4.0; .NET CLR 1.1.4322; .NET CLR 2.0.50727; .NET CLR 3.0.04506.30; .NET CLR 3.0.4506.2152; .NET CLR 3.5.30729)"
74.125.94.86 - - [30/Jun/2010:07:03:50 -0700] "GET thetybeetimes.net/feed/ HTTP/1.1" 304 0 "-" "FeedBurner/1.0 (http://www.FeedBurner.com)"
69.254.64.75 - - [30/Jun/2010:07:06:42 -0700] "GET thetybeetimes.net/comments/feed/ HTTP/1.1" 200 9431 "-" "Mozilla/5.0 (Macintosh; U; Intel Mac OS X 10.5; en-US; rv:1.9.2.3) Gecko/20100401 Firefox/3.6.3"
69.254.64.75 - - [30/Jun/2010:07:07:10 -0700] "GET thetybeetimes.net/comments/feed/ HTTP/1.1" 304 0 "-" "Mozilla/5.0 (Macintosh; U; Intel Mac OS X 10.5; en-US; rv:1.9.2.3) Gecko/20100401 Firefox/3.6.3"
119.63.193.215 - - [30/Jun/2010:07:20:10 -0700] "GET thetybeetimes.net/ HTTP/1.1" 200 43623 "-" "Mozilla/4.0 (compatible; MSIE 6.0; Windows NT 5.1)"
72.155.37.227 - - [30/Jun/2010:07:26:23 -0700] "GET www.thetybeetimes.net/ HTTP/1.1" 301 5 "http://www.thetybeetimesonline.com/index.php" "Mozilla/4.0 (compatible; MSIE 7.0; Windows NT 6.0; SLCC1; .NET CLR 2.0.50727; Media Center PC 5.0; .NET CLR 3.5.21022; .NET CLR 3.5.30729; .NET CLR 3.0.30729; .NET4.0C)"
72.155.37.227 - - [30/Jun/2010:07:26:24 -0700] "GET thetybeetimes.net/ HTTP/1.1" 200 44098 "http://www.thetybeetimesonline.com/index.php" "Mozilla/4.0 (compatible; MSIE 7.0; Windows NT 6.0; SLCC1; .NET CLR 2.0.50727; Media Center PC 5.0; .NET CLR 3.5.21022; .NET CLR 3.5.30729; .NET CLR 3.0.30729; .NET4.0C)"
72.155.37.227 - - [30/Jun/2010:07:26:24 -0700] "GET thetybeetimes.net/wp-content/themes/default/style.css HTTP/1.1" 200 10345 "http://thetybeetimes.net/" "Mozilla/4.0 (compatible; MSIE 7.0; Windows NT 6.0; SLCC1; .NET CLR 2.0.50727; Media Center PC 5.0; .NET CLR 3.5.21022; .NET CLR 3.5.30729; .NET CLR 3.0.30729; .NET4.0C)"
72.155.37.227 - - [30/Jun/2010:07:26:24 -0700] "GET thetybeetimes.net/wp-includes/js/thickbox/thickbox.css?ver=20090514 HTTP/1.1" 200 3864 "http://thetybeetimes.net/" "Mozilla/4.0 (compatible; MSIE 7.0; Windows NT 6.0; SLCC1; .NET CLR 2.0.50727; Media Center PC 5.0; .NET CLR 3.5.21022; .NET CLR 3.5.30729; .NET CLR 3.0.30729; .NET4.0C)"
72.155.37.227 - - [30/Jun/2010:07:26:24 -0700] "GET thetybeetimes.net/wp-content/plugins/nextgen-gallery/css/nggallery.css?ver=1.0.0 HTTP/1.1" 200 6637 "http://thetybeetimes.net/" "Mozilla/4.0 (compatible; MSIE 7.0; Windows NT 6.0; SLCC1; .NET CLR 2.0.50727; Media Center PC 5.0; .NET CLR 3.5.21022; .NET CLR 3.5.30729; .NET CLR 3.0.30729; .NET4.0C)"
72.155.37.227 - - [30/Jun/2010:07:26:25 -0700] "GET thetybeetimes.net/wp-includes/js/jquery/jquery.js?ver=1.3.2 HTTP/1.1" 200 57276 "http://thetybeetimes.net/" "Mozilla/4.0 (compatible; MSIE 7.0; Windows NT 6.0; SLCC1; .NET CLR 2.0.50727; Media Center PC 5.0; .NET CLR 3.5.21022; .NET CLR 3.5.30729; .NET CLR 3.0.30729; .NET4.0C)"
72.155.37.227 - - [30/Jun/2010:07:26:25 -0700] "GET thetybeetimes.net/wp-includes/js/swfobject.js?ver=2.1 HTTP/1.1" 200 9759 "http://thetybeetimes.net/" "Mozilla/4.0 (compatible; MSIE 7.0; Windows NT 6.0; SLCC1; .NET CLR 2.0.50727; Media Center PC 5.0; .NET CLR 3.5.21022; .NET CLR 3.5.30729; .NET CLR 3.0.30729; .NET4.0C)"
72.155.37.227 - - [30/Jun/2010:07:26:27 -0700] "GET thetybeetimes.net/wp-content/uploads/2010/05/Tybee-Theater.jpg HTTP/1.1" 200 13187 "http://thetybeetimes.net/" "Mozilla/4.0 (compatible; MSIE 7.0; Windows NT 6.0; SLCC1; .NET CLR 2.0.50727; Media Center PC 5.0; .NET CLR 3.5.21022; .NET CLR 3.5.30729; .NET CLR 3.0.30729; .NET4.0C)"
72.155.37.227 - - [30/Jun/2010:07:26:27 -0700] "GET thetybeetimes.net/wp-content/uploads/2010/05/Lightplane-abandoned1.jpg HTTP/1.1" 200 15420 "http://thetybeetimes.net/" "Mozilla/4.0 (compatible; MSIE 7.0; Windows NT 6.0; SLCC1; .NET CLR 2.0.50727; Media Center PC 5.0; .NET CLR 3.5.21022; .NET CLR 3.5.30729; .NET CLR 3.0.30729; .NET4.0C)"
72.155.37.227 - - [30/Jun/2010:07:26:27 -0700] "GET thetybeetimes.net/wp-content/uploads/2010/06/23291_131357780214761_4396_n.jpg HTTP/1.1" 200 13721 "http://thetybeetimes.net/" "Mozilla/4.0 (compatible; MSIE 7.0; Windows NT 6.0; SLCC1; .NET CLR 2.0.50727; Media Center PC 5.0; .NET CLR 3.5.21022; .NET CLR 3.5.30729; .NET CLR 3.0.30729; .NET4.0C)"
72.155.37.227 - - [30/Jun/2010:07:26:27 -0700] "GET thetybeetimes.net/wp-content/uploads/2010/05/P9250111-266x200.jpg HTTP/1.1" 200 11263 "http://thetybeetimes.net/" "Mozilla/4.0 (compatible; MSIE 7.0; Windows NT 6.0; SLCC1; .NET CLR 2.0.50727; Media Center PC 5.0; .NET CLR 3.5.21022; .NET CLR 3.5.30729; .NET CLR 3.0.30729; .NET4.0C)"
72.155.37.227 - - [30/Jun/2010:07:26:27 -0700] "GET thetybeetimes.net/wp-content/uploads/2010/05/Jimmy_Maddox2-299x200.jpg HTTP/1.1" 200 8512 "http://thetybeetimes.net/" "Mozilla/4.0 (compatible; MSIE 7.0; Windows NT 6.0; SLCC1; .NET CLR 2.0.50727; Media Center PC 5.0; .NET CLR 3.5.21022; .NET CLR 3.5.30729; .NET CLR 3.0.30729; .NET4.0C)"
72.155.37.227 - - [30/Jun/2010:07:26:27 -0700] "GET thetybeetimes.net/wp-content/uploads/2010/05/Joni_Bishop1.jpg HTTP/1.1" 200 7757 "http://thetybeetimes.net/" "Mozilla/4.0 (compatible; MSIE 7.0; Windows NT 6.0; SLCC1; .NET CLR 2.0.50727; Media Center PC 5.0; .NET CLR 3.5.21022; .NET CLR 3.5.30729; .NET CLR 3.0.30729; .NET4.0C)"
72.155.37.227 - - [30/Jun/2010:07:26:27 -0700] "GET thetybeetimes.net/wp-content/uploads/2010/05/Darryl-Wise.jpg HTTP/1.1" 200 16191 "http://thetybeetimes.net/" "Mozilla/4.0 (compatible; MSIE 7.0; Windows NT 6.0; SLCC1; .NET CLR 2.0.50727; Media Center PC 5.0; .NET CLR 3.5.21022; .NET CLR 3.5.30729; .NET CLR 3.0.30729; .NET4.0C)"
72.155.37.227 - - [30/Jun/2010:07:26:27 -0700] "GET thetybeetimes.net/wp-content/uploads/2010/05/Michael-Amburgey.jpg HTTP/1.1" 200 12911 "http://thetybeetimes.net/" "Mozilla/4.0 (compatible; MSIE 7.0; Windows NT 6.0; SLCC1; .NET CLR 2.0.50727; Media Center PC 5.0; .NET CLR 3.5.21022; .NET CLR 3.5.30729; .NET CLR 3.0.30729; .NET4.0C)"
72.155.37.227 - - [30/Jun/2010:07:26:27 -0700] "GET thetybeetimes.net/wp-content/uploads/2010/05/Tybee-Theater2.jpg HTTP/1.1" 200 18992 "http://thetybeetimes.net/" "Mozilla/4.0 (compatible; MSIE 7.0; Windows NT 6.0; SLCC1; .NET CLR 2.0.50727; Media Center PC 5.0; .NET CLR 3.5.21022; .NET CLR 3.5.30729; .NET CLR 3.0.30729; .NET4.0C)"
72.155.37.227 - - [30/Jun/2010:07:26:27 -0700] "GET thetybeetimes.net/wp-content/themes/default/images/kubrickbgcolor.jpg HTTP/1.1" 200 556 "http://thetybeetimes.net/" "Mozilla/4.0 (compatible; MSIE 7.0; Windows NT 6.0; SLCC1; .NET CLR 2.0.50727; Media Center PC 5.0; .NET CLR 3.5.21022; .NET CLR 3.5.30729; .NET CLR 3.0.30729; .NET4.0C)"
72.155.37.227 - - [30/Jun/2010:07:26:27 -0700] "GET thetybeetimes.net/wp-content/uploads/2010/02/Maya.jpg HTTP/1.1" 200 17495 "http://thetybeetimes.net/" "Mozilla/4.0 (compatible; MSIE 7.0; Windows NT 6.0; SLCC1; .NET CLR 2.0.50727; Media Center PC 5.0; .NET CLR 3.5.21022; .NET CLR 3.5.30729; .NET CLR 3.0.30729; .NET4.0C)"
72.155.37.227 - - [30/Jun/2010:07:26:27 -0700] "GET thetybeetimes.net/wp-content/themes/default/images/kubrickbg-ltr.jpg HTTP/1.1" 200 1043 "http://thetybeetimes.net/" "Mozilla/4.0 (compatible; MSIE 7.0; Windows NT 6.0; SLCC1; .NET CLR 2.0.50727; Media Center PC 5.0; .NET CLR 3.5.21022; .NET CLR 3.5.30729; .NET CLR 3.0.30729; .NET4.0C)"
72.155.37.227 - - [30/Jun/2010:07:26:27 -0700] "GET thetybeetimes.net/wp-includes/js/thickbox/thickbox.js?ver=3.1-20091124 HTTP/1.1" 200 12185 "http://thetybeetimes.net/" "Mozilla/4.0 (compatible; MSIE 7.0; Windows NT 6.0; SLCC1; .NET CLR 2.0.50727; Media Center PC 5.0; .NET CLR 3.5.21022; .NET CLR 3.5.30729; .NET CLR 3.0.30729; .NET4.0C)"
72.155.37.227 - - [30/Jun/2010:07:26:27 -0700] "GET thetybeetimes.net/wp-content/themes/default/images/kubrickheader.jpg HTTP/1.1" 200 7868 "http://thetybeetimes.net/" "Mozilla/4.0 (compatible; MSIE 7.0; Windows NT 6.0; SLCC1; .NET CLR 2.0.50727; Media Center PC 5.0; .NET CLR 3.5.21022; .NET CLR 3.5.30729; .NET CLR 3.0.30729; .NET4.0C)"
72.155.37.227 - - [30/Jun/2010:07:26:27 -0700] "GET thetybeetimes.net/wp-content/themes/default/images/kubrickfooter.jpg HTTP/1.1" 200 2443 "http://thetybeetimes.net/" "Mozilla/4.0 (compatible; MSIE 7.0; Windows NT 6.0; SLCC1; .NET CLR 2.0.50727; Media Center PC 5.0; .NET CLR 3.5.21022; .NET CLR 3.5.30729; .NET CLR 3.0.30729; .NET4.0C)"
72.155.37.227 - - [30/Jun/2010:07:26:28 -0700] "GET thetybeetimes.net/wp-includes/js/thickbox/loadingAnimation.gif HTTP/1.1" 200 5886 "http://thetybeetimes.net/" "Mozilla/4.0 (compatible; MSIE 7.0; Windows NT 6.0; SLCC1; .NET CLR 2.0.50727; Media Center PC 5.0; .NET CLR 3.5.21022; .NET CLR 3.5.30729; .NET CLR 3.0.30729; .NET4.0C)"
72.155.37.227 - - [30/Jun/2010:07:26:32 -0700] "GET thetybeetimes.net/wp-content/uploads/2010/05/SongwritersCircle2.jpg HTTP/1.1" 200 236873 "http://thetybeetimes.net/" "Mozilla/4.0 (compatible; MSIE 7.0; Windows NT 6.0; SLCC1; .NET CLR 2.0.50727; Media Center PC 5.0; .NET CLR 3.5.21022; .NET CLR 3.5.30729; .NET CLR 3.0.30729; .NET4.0C)"
72.155.37.227 - - [30/Jun/2010:07:26:33 -0700] "GET thetybeetimes.net/favicon.ico HTTP/1.1" 200 0 "-" "Mozilla/4.0 (compatible; MSIE 7.0; Windows NT 6.0; SLCC1; .NET CLR 2.0.50727; Media Center PC 5.0; .NET CLR 3.5.21022; .NET CLR 3.5.30729; .NET CLR 3.0.30729; .NET4.0C)"
72.155.37.227 - - [30/Jun/2010:07:28:16 -0700] "GET thetybeetimes.net/category/community/organizations/tybee-post-theater/ HTTP/1.1" 200 47822 "http://thetybeetimes.net/" "Mozilla/4.0 (compatible; MSIE 7.0; Windows NT 6.0; SLCC1; .NET CLR 2.0.50727; Media Center PC 5.0; .NET CLR 3.5.21022; .NET CLR 3.5.30729; .NET CLR 3.0.30729; .NET4.0C)"
72.155.37.227 - - [30/Jun/2010:07:28:17 -0700] "GET thetybeetimes.net/wp-content/uploads/2010/03/2010-Board-of-Directors.jpg HTTP/1.1" 200 34437 "http://thetybeetimes.net/category/community/organizations/tybee-post-theater/" "Mozilla/4.0 (compatible; MSIE 7.0; Windows NT 6.0; SLCC1; .NET CLR 2.0.50727; Media Center PC 5.0; .NET CLR 3.5.21022; .NET CLR 3.5.30729; .NET CLR 3.0.30729; .NET4.0C)"
72.155.37.227 - - [30/Jun/2010:07:28:17 -0700] "GET thetybeetimes.net/wp-content/gallery/1st-dinner-for-the-theater-event/thumbs/thumbs_dscf2100.jpg HTTP/1.1" 200 14331 "http://thetybeetimes.net/category/community/organizations/tybee-post-theater/" "Mozilla/4.0 (compatible; MSIE 7.0; Windows NT 6.0; SLCC1; .NET CLR 2.0.50727; Media Center PC 5.0; .NET CLR 3.5.21022; .NET CLR 3.5.30729; .NET CLR 3.0.30729; .NET4.0C)"
72.155.37.227 - - [30/Jun/2010:07:28:17 -0700] "GET thetybeetimes.net/wp-content/gallery/1st-dinner-for-the-theater-event/thumbs/thumbs_dscf2066.jpg HTTP/1.1" 200 16317 "http://thetybeetimes.net/category/community/organizations/tybee-post-theater/" "Mozilla/4.0 (compatible; MSIE 7.0; Windows NT 6.0; SLCC1; .NET CLR 2.0.50727; Media Center PC 5.0; .NET CLR 3.5.21022; .NET CLR 3.5.30729; .NET CLR 3.0.30729; .NET4.0C)"
72.155.37.227 - - [30/Jun/2010:07:28:17 -0700] "GET thetybeetimes.net/wp-content/gallery/1st-dinner-for-the-theater-event/thumbs/thumbs_get-attachment-1.jpg HTTP/1.1" 200 13476 "http://thetybeetimes.net/category/community/organizations/tybee-post-theater/" "Mozilla/4.0 (compatible; MSIE 7.0; Windows NT 6.0; SLCC1; .NET CLR 2.0.50727; Media Center PC 5.0; .NET CLR 3.5.21022; .NET CLR 3.5.30729; .NET CLR 3.0.30729; .NET4.0C)"
72.155.37.227 - - [30/Jun/2010:07:28:17 -0700] "GET thetybeetimes.net/wp-content/gallery/1st-dinner-for-the-theater-event/thumbs/thumbs_22-1.jpg HTTP/1.1" 200 14548 "http://thetybeetimes.net/category/community/organizations/tybee-post-theater/" "Mozilla/4.0 (compatible; MSIE 7.0; Windows NT 6.0; SLCC1; .NET CLR 2.0.50727; Media Center PC 5.0; .NET CLR 3.5.21022; .NET CLR 3.5.30729; .NET CLR 3.0.30729; .NET4.0C)"
