68.209.67.198 - - [04/Jul/2010:00:10:08 -0700] "GET thetybeetimes.net/ HTTP/1.1" 200 43901 "-" "Mozilla/5.0 (iPod; U; CPU iPhone OS 4_0 like Mac OS X; en-us) AppleWebKit/532.9 (KHTML, like Gecko) Version/4.0.5 Mobile/8A293 Safari/6531.22.7"
68.209.67.198 - - [04/Jul/2010:00:10:09 -0700] "GET thetybeetimes.net/wp-includes/js/jquery/jquery.js?ver=1.3.2 HTTP/1.1" 200 57276 "http://thetybeetimes.net/" "Mozilla/5.0 (iPod; U; CPU iPhone OS 4_0 like Mac OS X; en-us) AppleWebKit/532.9 (KHTML, like Gecko) Version/4.0.5 Mobile/8A293 Safari/6531.22.7"
68.209.67.198 - - [04/Jul/2010:00:10:15 -0700] "GET thetybeetimes.net/wp-content/uploads/2010/05/SongwritersCircle2.jpg HTTP/1.1" 200 236873 "http://thetybeetimes.net/" "Mozilla/5.0 (iPod; U; CPU iPhone OS 4_0 like Mac OS X; en-us) AppleWebKit/532.9 (KHTML, like Gecko) Version/4.0.5 Mobile/8A293 Safari/6531.22.7"
174.36.228.154 - - [04/Jul/2010:00:13:35 -0700] "GET thetybeetimes.net/wp-content/plugins/nextgen-gallery/xml/media-rss.php HTTP/1.1" 200 8455 "-" "Mozilla/5.0 (X11; U; Linux i686; en-US; rv:1.2.1; aggregator:Spinn3r (Spinn3r 3.1); http://spinn3r.com/robot) Gecko/20021130"
72.167.232.155 - - [04/Jul/2010:00:16:53 -0700] "POST thetybeetimes.net/wp-cron.php?doing_wp_cron HTTP/1.0" 200 0 "-" "WordPress/2.9.1; http://thetybeetimes.net"
67.195.112.184 - - [04/Jul/2010:00:16:53 -0700] "GET thetybeetimes.net/robots.txt HTTP/1.0" 200 26 "-" "Mozilla/5.0 (compatible; Yahoo! Slurp; http://help.yahoo.com/help/us/ysearch/slurp)"
69.254.64.75 - - [04/Jul/2010:00:19:50 -0700] "GET thetybeetimes.net/comments/feed/ HTTP/1.1" 304 0 "-" "Mozilla/5.0 (Macintosh; U; Intel Mac OS X 10.5; en-US; rv:1.9.2.3) Gecko/20100401 Firefox/3.6.3"
119.63.193.215 - - [04/Jul/2010:00:20:35 -0700] "GET thetybeetimes.net/ HTTP/1.1" 200 43503 "-" "Mozilla/4.0 (compatible; MSIE 6.0; Windows NT 5.1)"
69.254.64.75 - - [04/Jul/2010:00:34:53 -0700] "GET thetybeetimes.net/comments/feed/ HTTP/1.1" 304 0 "-" "Mozilla/5.0 (Macintosh; U; Intel Mac OS X 10.5; en-US; rv:1.9.2.3) Gecko/20100401 Firefox/3.6.3"
91.201.66.6 - - [04/Jul/2010:00:46:30 -0700] "GET thetybeetimes.net/wp-content/themes/default/style.css HTTP/1.1" 200 10345 "http://thetybeetimes.net/2010/04/forever-folk-april-2010/" "Mozilla/4.0 (compatible; MSIE 7.0; Windows NT 6.1; WOW64; Trident/4.0; SLCC2; .NET CLR 2.0.50727; .NET CLR 3.5.30729; .NET CLR 3.0.30729)"
91.201.66.6 - - [04/Jul/2010:00:46:30 -0700] "GET thetybeetimes.net/wp-content/plugins/nextgen-gallery/css/nggallery.css?ver=1.0.0 HTTP/1.1" 200 6637 "http://thetybeetimes.net/2010/04/forever-folk-april-2010/" "Mozilla/4.0 (compatible; MSIE 7.0; Windows NT 6.1; WOW64; Trident/4.0; SLCC2; .NET CLR 2.0.50727; .NET CLR 3.5.30729; .NET CLR 3.0.30729)"
91.201.66.6 - - [04/Jul/2010:00:46:31 -0700] "GET thetybeetimes.net/wp-includes/js/thickbox/thickbox.css?ver=20090514 HTTP/1.1" 200 3864 "http://thetybeetimes.net/2010/04/forever-folk-april-2010/" "Mozilla/4.0 (compatible; MSIE 7.0; Windows NT 6.1; WOW64; Trident/4.0; SLCC2; .NET CLR 2.0.50727; .NET CLR 3.5.30729; .NET CLR 3.0.30729)"
91.201.66.6 - - [04/Jul/2010:00:46:31 -0700] "GET thetybeetimes.net/wp-includes/js/comment-reply.js?ver=20090102 HTTP/1.1" 200 786 "http://thetybeetimes.net/2010/04/forever-folk-april-2010/" "Mozilla/4.0 (compatible; MSIE 7.0; Windows NT 6.1; WOW64; Trident/4.0; SLCC2; .NET CLR 2.0.50727; .NET CLR 3.5.30729; .NET CLR 3.0.30729)"
91.201.66.6 - - [04/Jul/2010:00:46:31 -0700] "GET thetybeetimes.net/2010/04/forever-folk-april-2010/ HTTP/1.1" 200 14049 "-" "Mozilla/4.0 (compatible; MSIE 7.0; Windows NT 6.1; WOW64; Trident/4.0; SLCC2; .NET CLR 2.0.50727; .NET CLR 3.5.30729; .NET CLR 3.0.30729)"
91.201.66.6 - - [04/Jul/2010:00:46:31 -0700] "GET thetybeetimes.net/wp-includes/js/jquery/jquery.js?ver=1.3.2 HTTP/1.1" 200 57276 "http://thetybeetimes.net/2010/04/forever-folk-april-2010/" "Mozilla/4.0 (compatible; MSIE 7.0; Windows NT 6.1; WOW64; Trident/4.0; SLCC2; .NET CLR 2.0.50727; .NET CLR 3.5.30729; .NET CLR 3.0.30729)"
91.201.66.6 - - [04/Jul/2010:00:46:31 -0700] "GET thetybeetimes.net/wp-includes/js/swfobject.js?ver=2.1 HTTP/1.1" 200 9759 "http://thetybeetimes.net/2010/04/forever-folk-april-2010/" "Mozilla/4.0 (compatible; MSIE 7.0; Windows NT 6.1; WOW64; Trident/4.0; SLCC2; .NET CLR 2.0.50727; .NET CLR 3.5.30729; .NET CLR 3.0.30729)"
91.201.66.6 - - [04/Jul/2010:00:46:32 -0700] "GET thetybeetimes.net/wp-content/themes/default/images/kubrickbgcolor.jpg HTTP/1.1" 200 556 "http://thetybeetimes.net/2010/04/forever-folk-april-2010/" "Mozilla/4.0 (compatible; MSIE 7.0; Windows NT 6.1; WOW64; Trident/4.0; SLCC2; .NET CLR 2.0.50727; .NET CLR 3.5.30729; .NET CLR 3.0.30729)"
91.201.66.6 - - [04/Jul/2010:00:46:32 -0700] "GET thetybeetimes.net/wp-content/themes/default/images/kubrickheader.jpg HTTP/1.1" 200 7868 "http://thetybeetimes.net/2010/04/forever-folk-april-2010/" "Mozilla/4.0 (compatible; MSIE 7.0; Windows NT 6.1; WOW64; Trident/4.0; SLCC2; .NET CLR 2.0.50727; .NET CLR 3.5.30729; .NET CLR 3.0.30729)"
91.201.66.6 - - [04/Jul/2010:00:46:32 -0700] "GET thetybeetimes.net/wp-content/uploads/2010/01/HankWeisman.jpg HTTP/1.1" 200 20821 "http://thetybeetimes.net/2010/04/forever-folk-april-2010/" "Mozilla/4.0 (compatible; MSIE 7.0; Windows NT 6.1; WOW64; Trident/4.0; SLCC2; .NET CLR 2.0.50727; .NET CLR 3.5.30729; .NET CLR 3.0.30729)"
91.201.66.6 - - [04/Jul/2010:00:46:32 -0700] "GET thetybeetimes.net/wp-content/uploads/2010/04/Steve_and_Cindy.jpg HTTP/1.1" 200 5401 "http://thetybeetimes.net/2010/04/forever-folk-april-2010/" "Mozilla/4.0 (compatible; MSIE 7.0; Windows NT 6.1; WOW64; Trident/4.0; SLCC2; .NET CLR 2.0.50727; .NET CLR 3.5.30729; .NET CLR 3.0.30729)"
91.201.66.6 - - [04/Jul/2010:00:46:33 -0700] "GET thetybeetimes.net/wp-content/uploads/2010/04/Jason_Bible.jpg HTTP/1.1" 200 9130 "http://thetybeetimes.net/2010/04/forever-folk-april-2010/" "Mozilla/4.0 (compatible; MSIE 7.0; Windows NT 6.1; WOW64; Trident/4.0; SLCC2; .NET CLR 2.0.50727; .NET CLR 3.5.30729; .NET CLR 3.0.30729)"
91.201.66.6 - - [04/Jul/2010:00:46:33 -0700] "GET thetybeetimes.net/wp-content/uploads/2010/04/Ken_and_Leigh.jpg HTTP/1.1" 200 11215 "http://thetybeetimes.net/2010/04/forever-folk-april-2010/" "Mozilla/4.0 (compatible; MSIE 7.0; Windows NT 6.1; WOW64; Trident/4.0; SLCC2; .NET CLR 2.0.50727; .NET CLR 3.5.30729; .NET CLR 3.0.30729)"
91.201.66.6 - - [04/Jul/2010:00:46:33 -0700] "GET thetybeetimes.net/wp-content/themes/default/images/kubrickfooter.jpg HTTP/1.1" 200 2443 "http://thetybeetimes.net/2010/04/forever-folk-april-2010/" "Mozilla/4.0 (compatible; MSIE 7.0; Windows NT 6.1; WOW64; Trident/4.0; SLCC2; .NET CLR 2.0.50727; .NET CLR 3.5.30729; .NET CLR 3.0.30729)"
91.201.66.6 - - [04/Jul/2010:00:46:33 -0700] "GET thetybeetimes.net/wp-content/themes/default/images/kubrickbgwide.jpg HTTP/1.1" 200 1014 "http://thetybeetimes.net/2010/04/forever-folk-april-2010/" "Mozilla/4.0 (compatible; MSIE 7.0; Windows NT 6.1; WOW64; Trident/4.0; SLCC2; .NET CLR 2.0.50727; .NET CLR 3.5.30729; .NET CLR 3.0.30729)"
91.201.66.6 - - [04/Jul/2010:00:46:34 -0700] "GET thetybeetimes.net/wp-includes/js/jquery/jquery.js?ver=1.3.2 HTTP/1.1" 206 23565 "http://thetybeetimes.net/2010/04/forever-folk-april-2010/" "Mozilla/4.0 (compatible; MSIE 7.0; Windows NT 6.1; WOW64; Trident/4.0; SLCC2; .NET CLR 2.0.50727; .NET CLR 3.5.30729; .NET CLR 3.0.30729)"
91.201.66.6 - - [04/Jul/2010:00:46:34 -0700] "GET thetybeetimes.net/wp-includes/js/swfobject.js?ver=2.1 HTTP/1.1" 200 9759 "http://thetybeetimes.net/2010/04/forever-folk-april-2010/" "Mozilla/4.0 (compatible; MSIE 7.0; Windows NT 6.1; WOW64; Trident/4.0; SLCC2; .NET CLR 2.0.50727; .NET CLR 3.5.30729; .NET CLR 3.0.30729)"
91.201.66.6 - - [04/Jul/2010:00:46:34 -0700] "GET thetybeetimes.net/wp-includes/js/thickbox/thickbox.js?ver=3.1-20091124 HTTP/1.1" 200 12185 "http://thetybeetimes.net/2010/04/forever-folk-april-2010/" "Mozilla/4.0 (compatible; MSIE 7.0; Windows NT 6.1; WOW64; Trident/4.0; SLCC2; .NET CLR 2.0.50727; .NET CLR 3.5.30729; .NET CLR 3.0.30729)"
91.201.66.6 - - [04/Jul/2010:00:46:35 -0700] "GET thetybeetimes.net/wp-includes/js/thickbox/loadingAnimation.gif HTTP/1.1" 200 5886 "http://thetybeetimes.net/2010/04/forever-folk-april-2010/" "Mozilla/4.0 (compatible; MSIE 7.0; Windows NT 6.1; WOW64; Trident/4.0; SLCC2; .NET CLR 2.0.50727; .NET CLR 3.5.30729; .NET CLR 3.0.30729)"
91.201.66.6 - - [04/Jul/2010:00:46:36 -0700] "POST thetybeetimes.net/wp-comments-post.php HTTP/1.1" 302 5 "http://thetybeetimes.net/2010/04/forever-folk-april-2010/" "Mozilla/4.0 (compatible; MSIE 7.0; Windows NT 6.1; WOW64; Trident/4.0; SLCC2; .NET CLR 2.0.50727; .NET CLR 3.5.30729; .NET CLR 3.0.30729)"
91.201.66.6 - - [04/Jul/2010:00:46:37 -0700] "GET thetybeetimes.net/2010/04/forever-folk-april-2010/comment-page-1/ HTTP/1.1" 200 15511 "http://thetybeetimes.net/2010/04/forever-folk-april-2010/" "Mozilla/4.0 (compatible; MSIE 7.0; Windows NT 6.1; WOW64; Trident/4.0; SLCC2; .NET CLR 2.0.50727; .NET CLR 3.5.30729; .NET CLR 3.0.30729)"
82.193.101.5 - - [04/Jul/2010:01:13:31 -0700] "GET thetybeetimes.net/2010/01/tybee-post-theater-board-hosts-ribbon-cutting/e-postribbon-0037/ HTTP/1.0" 200 8761 "http://thetybeetimes.net/2010/01/tybee-post-theater-board-hosts-ribbon-cutting/e-postribbon-0037/" "Mozilla/4.76 [en] (Windows NT 5.0; U)"
82.193.101.5 - - [04/Jul/2010:01:13:32 -0700] "GET thetybeetimes.net/2010/01/tybee-post-theater-board-hosts-ribbon-cutting/ HTTP/1.0" 200 13070 "http://thetybeetimes.net/2010/01/tybee-post-theater-board-hosts-ribbon-cutting/" "Mozilla/4.76 [en] (Windows NT 5.0; U)"
82.193.101.5 - - [04/Jul/2010:01:13:33 -0700] "GET thetybeetimes.net/2010/01/tybee-post-theater-board-hosts-ribbon-cutting/feed/ HTTP/1.0" 200 841 "http://thetybeetimes.net/2010/01/tybee-post-theater-board-hosts-ribbon-cutting/feed/" "Mozilla/4.76 [en] (Windows NT 5.0; U)"
69.254.64.75 - - [04/Jul/2010:01:20:00 -0700] "GET thetybeetimes.net/comments/feed/ HTTP/1.1" 200 13807 "-" "Mozilla/5.0 (Macintosh; U; Intel Mac OS X 10.5; en-US; rv:1.9.2.3) Gecko/20100401 Firefox/3.6.3"
76.26.232.166 - - [04/Jul/2010:01:20:58 -0700] "HEAD thetybeetimes.net/2010/04/tybee-jack-on-tybee-2 HTTP/1.0" 301 0 "-" "Mozilla/4.0 (compatible; MSIE 7.0; Windows NT 5.1; .NET CLR 1.1.4322; .NET CLR 2.0.50727; .NET CLR 3.0.04506.30)"
76.26.232.166 - - [04/Jul/2010:01:20:59 -0700] "HEAD thetybeetimes.net/2010/04/tybee-jack-on-tybee-2/ HTTP/1.0" 200 0 "-" "Mozilla/4.0 (compatible; MSIE 7.0; Windows NT 5.1; .NET CLR 1.1.4322; .NET CLR 2.0.50727; .NET CLR 3.0.04506.30)"
174.37.205.71 - - [04/Jul/2010:01:21:16 -0700] "GET thetybeetimes.net/wp-content/plugins/nextgen-gallery/xml/media-rss.php HTTP/1.1" 200 8462 "-" "Mozilla/5.0 (X11; U; Linux i686; en-US; rv:1.2.1; aggregator:Spinn3r (Spinn3r 3.1); http://spinn3r.com/robot) Gecko/20021130"
119.63.193.215 - - [04/Jul/2010:01:48:48 -0700] "GET thetybeetimes.net/ HTTP/1.1" 200 44118 "-" "Mozilla/4.0 (compatible; MSIE 6.0; Windows NT 5.1)"
91.201.66.82 - - [04/Jul/2010:01:54:30 -0700] "GET thetybeetimes.net/2010/01/tybee-post-theater-board-hosts-ribbon-cutting/ HTTP/1.0" 200 13070 "http://thetybeetimes.net/2010/01/tybee-post-theater-board-hosts-ribbon-cutting/" "Mozilla/3.0 (compatible; WebCapture 2.0; Auto; Windows)"
91.201.66.82 - - [04/Jul/2010:01:54:40 -0700] "GET thetybeetimes.net/2010/01/tybee-post-theater-board-hosts-ribbon-cutting/feed/ HTTP/1.0" 200 841 "http://thetybeetimes.net/2010/01/tybee-post-theater-board-hosts-ribbon-cutting/feed/" "Mozilla/3.0 (compatible; WebCapture 2.0; Auto; Windows)"
174.36.241.148 - - [04/Jul/2010:02:33:23 -0700] "GET thetybeetimes.net/wp-content/plugins/nextgen-gallery/xml/media-rss.php HTTP/1.1" 200 8455 "-" "Mozilla/5.0 (X11; U; Linux i686; en-US; rv:1.2.1; aggregator:Spinn3r (Spinn3r 3.1); http://spinn3r.com/robot) Gecko/20021130"
174.37.205.71 - - [04/Jul/2010:02:33:34 -0700] "GET thetybeetimes.net/ HTTP/1.1" 200 43950 "-" "Mozilla/5.0 (X11; U; Linux i686; en-US; rv:1.2.1; aggregator:Spinn3r (Spinn3r 3.1); http://spinn3r.com/robot) Gecko/20021130"
209.85.238.198 - - [04/Jul/2010:02:44:04 -0700] "GET thetybeetimes.net/ HTTP/1.1" 200 43999 "-" "Feedfetcher-Google; (+http://www.google.com/feedfetcher.html; 1 subscribers; feed-id=8694166601657009783)"
174.37.205.76 - - [04/Jul/2010:02:45:06 -0700] "GET thetybeetimes.net/ HTTP/1.1" 200 43817 "-" "Mozilla/5.0 (X11; U; Linux i686; en-US; rv:1.2.1; aggregator:Spinn3r (Spinn3r 3.1); http://spinn3r.com/robot) Gecko/20021130"
119.63.193.215 - - [04/Jul/2010:03:00:08 -0700] "GET thetybeetimes.net/ HTTP/1.1" 200 43706 "-" "Mozilla/4.0 (compatible; MSIE 6.0; Windows NT 5.1)"
208.115.111.247 - - [04/Jul/2010:03:02:18 -0700] "GET thetybeetimes.net/robots.txt HTTP/1.1" 200 38 "-" "Mozilla/5.0 (compatible; DotBot/1.1; http://www.dotnetdotcom.org/, crawler@dotnetdotcom.org)"
69.147.115.59 - - [04/Jul/2010:03:06:44 -0700] "GET thetybeetimes.net/ HTTP/1.1" 200 43817 "-" "-"
69.147.115.59 - - [04/Jul/2010:03:06:44 -0700] "GET thetybeetimes.net/favicon.ico HTTP/1.1" 200 0 "-" "-"
74.222.3.202 - - [04/Jul/2010:03:34:11 -0700] "GET thetybeetimes.net/robots.txt HTTP/1.0" 200 26 "http://thetybeetimes.net/robots.txt" "Mozilla/4.0 (compatible; MSIE 8.0; Windows NT 5.1; SV1; .NET CLR 2.0.50727)"
174.37.205.71 - - [04/Jul/2010:03:45:23 -0700] "GET thetybeetimes.net/wp-content/plugins/nextgen-gallery/xml/media-rss.php HTTP/1.1" 200 8455 "-" "Mozilla/5.0 (X11; U; Linux i686; en-US; rv:1.2.1; aggregator:Spinn3r (Spinn3r 3.1); http://spinn3r.com/robot) Gecko/20021130"
89.28.14.35 - - [04/Jul/2010:04:23:19 -0700] "GET thetybeetimes.net/2010/03/friends-of-the-tybee-theater-names-new-2010-board-of-directors/ HTTP/1.0" 200 17779 "http://thetybeetimes.net/2010/03/friends-of-the-tybee-theater-names-new-2010-board-of-directors/" "Mozilla/4.0 (compatible; MSIE 5.5; Windows NT 5.0; T312461)"
89.28.14.35 - - [04/Jul/2010:04:23:22 -0700] "POST thetybeetimes.net/wp-comments-post.php HTTP/1.0" 302 0 "http://thetybeetimes.net/2010/03/friends-of-the-tybee-theater-names-new-2010-board-of-directors/" "Mozilla/4.0 (compatible; MSIE 5.5; Windows NT 5.0; T312461)"
89.28.14.35 - - [04/Jul/2010:04:23:25 -0700] "GET thetybeetimes.net/2010/03/friends-of-the-tybee-theater-names-new-2010-board-of-directors/comment-page-1/ HTTP/1.0" 200 19155 "http://thetybeetimes.net/2010/03/friends-of-the-tybee-theater-names-new-2010-board-of-directors/comment-page-1/#comment-446" "Mozilla/4.0 (compatible; MSIE 5.5; Windows NT 5.0; T312461)"
119.63.193.215 - - [04/Jul/2010:04:36:05 -0700] "GET thetybeetimes.net/ HTTP/1.1" 200 43790 "-" "Mozilla/4.0 (compatible; MSIE 6.0; Windows NT 5.1)"
174.37.205.67 - - [04/Jul/2010:04:54:12 -0700] "GET thetybeetimes.net/wp-content/plugins/nextgen-gallery/xml/media-rss.php HTTP/1.1" 200 8455 "-" "Mozilla/5.0 (X11; U; Linux i686; en-US; rv:1.2.1; aggregator:Spinn3r (Spinn3r 3.1); http://spinn3r.com/robot) Gecko/20021130"
74.182.133.101 - - [04/Jul/2010:05:07:29 -0700] "GET thetybeetimes.net/wp-content/plugins/nextgen-gallery/css/nggallery.css?ver=1.0.0 HTTP/1.1" 304 - "http://thetybeetimes.net/" "Mozilla/5.0 (Windows; U; Windows NT 6.0; en-US; rv:1.9.2.6) Gecko/20100625 Firefox/3.6.6 ( .NET CLR 3.5.30729; .NET4.0C)"
74.182.133.101 - - [04/Jul/2010:05:07:29 -0700] "GET thetybeetimes.net/wp-includes/js/thickbox/thickbox.css?ver=20090514 HTTP/1.1" 304 - "http://thetybeetimes.net/" "Mozilla/5.0 (Windows; U; Windows NT 6.0; en-US; rv:1.9.2.6) Gecko/20100625 Firefox/3.6.6 ( .NET CLR 3.5.30729; .NET4.0C)"
74.182.133.101 - - [04/Jul/2010:05:07:29 -0700] "GET thetybeetimes.net/wp-includes/js/swfobject.js?ver=2.1 HTTP/1.1" 304 - "http://thetybeetimes.net/" "Mozilla/5.0 (Windows; U; Windows NT 6.0; en-US; rv:1.9.2.6) Gecko/20100625 Firefox/3.6.6 ( .NET CLR 3.5.30729; .NET4.0C)"
74.182.133.101 - - [04/Jul/2010:05:07:29 -0700] "GET thetybeetimes.net/wp-includes/js/jquery/jquery.js?ver=1.3.2 HTTP/1.1" 304 - "http://thetybeetimes.net/" "Mozilla/5.0 (Windows; U; Windows NT 6.0; en-US; rv:1.9.2.6) Gecko/20100625 Firefox/3.6.6 ( .NET CLR 3.5.30729; .NET4.0C)"
74.182.133.101 - - [04/Jul/2010:05:07:29 -0700] "GET thetybeetimes.net/ HTTP/1.1" 200 43922 "-" "Mozilla/5.0 (Windows; U; Windows NT 6.0; en-US; rv:1.9.2.6) Gecko/20100625 Firefox/3.6.6 ( .NET CLR 3.5.30729; .NET4.0C)"
74.182.133.101 - - [04/Jul/2010:05:07:30 -0700] "GET thetybeetimes.net/wp-includes/js/thickbox/thickbox.js?ver=3.1-20091124 HTTP/1.1" 304 - "http://thetybeetimes.net/" "Mozilla/5.0 (Windows; U; Windows NT 6.0; en-US; rv:1.9.2.6) Gecko/20100625 Firefox/3.6.6 ( .NET CLR 3.5.30729; .NET4.0C)"
75.237.77.243 - - [04/Jul/2010:05:08:52 -0700] "GET thetybeetimes.net/favicon.ico HTTP/1.1" 304 - "-" "Mozilla/4.0 (compatible; MSIE 8.0; Windows NT 6.0; WOW64; Trident/4.0; SLCC1; .NET CLR 2.0.50727; Media Center PC 5.0; .NET CLR 3.5.30729; .NET CLR 3.0.30729; .NET4.0C)"
209.85.238.198 - - [04/Jul/2010:05:44:16 -0700] "GET thetybeetimes.net/ HTTP/1.1" 200 43915 "-" "Feedfetcher-Google; (+http://www.google.com/feedfetcher.html; 1 subscribers; feed-id=8694166601657009783)"
119.63.193.215 - - [04/Jul/2010:05:49:50 -0700] "GET thetybeetimes.net/ HTTP/1.1" 200 43622 "-" "Mozilla/4.0 (compatible; MSIE 6.0; Windows NT 5.1)"
208.80.193.121 - - [04/Jul/2010:05:58:13 -0700] "GET thetybeetimes.net/ HTTP/1.0" 200 42934 "-" "Mozilla/4.0 (compatible; MSIE 6.0; Windows NT 5.1; T312461; YComp 5.0.0.0; SV1; .NET CLR 1.1.4322; InfoPath.1)"
174.36.241.156 - - [04/Jul/2010:06:03:57 -0700] "GET thetybeetimes.net/wp-content/plugins/nextgen-gallery/xml/media-rss.php HTTP/1.1" 200 8455 "-" "Mozilla/5.0 (X11; U; Linux i686; en-US; rv:1.2.1; aggregator:Spinn3r (Spinn3r 3.1); http://spinn3r.com/robot) Gecko/20021130"
173.234.11.16 - - [04/Jul/2010:06:35:35 -0700] "GET thetybeetimes.net/2010/02/the-planner-travel-agent-for-the-public/jonathan-lynn/ HTTP/1.0" 200 9146 "http://www.womeninpolitics.net/category/olympia-jean-snowe/" "Mozilla/4.0 (compatible; MSIE 7.0; Windows NT 5.1; .NET CLR 1.1.4322; .NET CLR 2.0.50727; .NET CLR 3.0.04506.30)"
173.208.67.227 - - [04/Jul/2010:06:35:35 -0700] "GET thetybeetimes.net/2010/01/surfers-of-the-month-january-2010/jimi_and_jim_goodlett/ HTTP/1.0" 200 8427 "http://www.womeninpolitics.net/category/judy-chu/" "Mozilla/5.0 (Windows; U; Windows NT 6.1; en-US) AppleWebKit/532.2 (KHTML, like Gecko) Chrome/4.0.221.7 Safari/532.2"
173.234.93.12 - - [04/Jul/2010:06:35:35 -0700] "GET thetybeetimes.net/2010/02/roving-reporter-february-2010/scarlett-bailes15/ HTTP/1.0" 200 8072 "http://www.womeninpolitics.net/category/laura-richardson/" "Mozilla/4.0 (compatible; MSIE 8.0; Windows NT 6.1; WOW64; Trident/4.0; SLCC2; Media Center PC 6.0; InfoPath.2; MS-RTC LM 8)"
173.234.93.12 - - [04/Jul/2010:06:35:36 -0700] "GET thetybeetimes.net/2010/05/how-\xe2\x80\x98bout-that-2/ HTTP/1.0" 200 10059 "http://www.womeninpolitics.net/category/mary-bono-mack/" "Mozilla/5.0 (Windows; U; Windows NT 5.1; en-US; rv:1.9.0.14) Gecko/2009082707 Firefox/3.0.14 (.NET CLR 3.5.30729)"
173.234.94.12 - - [04/Jul/2010:06:35:36 -0700] "GET thetybeetimes.net/2010/01/taps-new-spring-play/curioussavage/ HTTP/1.0" 200 7611 "http://www.winfreegiftcardsonline.com/surveys-for-money" "Mozilla/5.0 (Windows; U; Windows NT 5.1; pl; rv:1.9.1.3) Gecko/20090824 Firefox/3.5.3"
173.208.23.43 - - [04/Jul/2010:06:35:36 -0700] "GET thetybeetimes.net/about/waterboarders/ HTTP/1.0" 200 9226 "http://www.womeninpolitics.net/category/lynn-jenkins/" "Mozilla/5.0 (Windows; U; Windows NT 5.1; de; rv:1.9.1.3) Gecko/20090824 Firefox/3.5.3 (.NET CLR 3.5.30729)"
173.234.46.239 - - [04/Jul/2010:06:35:36 -0700] "GET thetybeetimes.net/2010/03/coastal-pet-rescue-march-update/ HTTP/1.0" 200 12251 "http://www.geekchoice.com/charlotte/" "Mozilla/5.0 (X11; U; Linux i686; it-IT; rv:1.9.0.2) Gecko/2008092313 Ubuntu/9.25 (jaunty) Firefox/3.8"
173.208.67.227 - - [04/Jul/2010:06:35:36 -0700] "GET thetybeetimes.net/2010/01/tybee-jack-on-tybee/ HTTP/1.0" 200 10611 "http://www.winfreegiftcardsonline.com/taking-online-surveys" "Mozilla/4.0 (compatible; MSIE 8.0; Windows NT 6.1; WOW64; Trident/4.0; SLCC2; Media Center PC 6.0; InfoPath.2; MS-RTC LM 8)"
173.208.67.226 - - [04/Jul/2010:06:35:36 -0700] "GET thetybeetimes.net/2010/03/out-of-the-box/ HTTP/1.0" 200 14746 "http://www.womeninpolitics.net/category/shelley-berkley/" "Mozilla/5.0 (Windows; U; Windows NT 5.1; de; rv:1.9.1.3) Gecko/20090824 Firefox/3.5.3 (.NET CLR 3.5.30729)"
173.208.23.44 - - [04/Jul/2010:06:35:36 -0700] "GET thetybeetimes.net/2010/05/maya\xe2\x80\x99s-tips-for-grown-ups-that-suck-at-grammar/ HTTP/1.0" 200 14042 "http://www.womeninpolitics.net/category/anna-georges-eshoo/" "Mozilla/5.0 (Windows; U; Windows NT 5.1; en-US; rv:1.9.0.14) Gecko/2009082707 Firefox/3.0.14 (.NET CLR 3.5.30729)"
173.234.11.16 - - [04/Jul/2010:06:35:36 -0700] "GET thetybeetimes.net/2010/05/going\xe2\x80\x88solar/ HTTP/1.0" 200 14652 "http://www.womeninpolitics.net/category/suzanne-kosmas/" "Mozilla/4.0 (compatible; MSIE 7.0; Windows NT 5.1; .NET CLR 1.1.4322; .NET CLR 2.0.50727; .NET CLR 3.0.04506.30)"
173.234.46.239 - - [04/Jul/2010:06:35:36 -0700] "GET thetybeetimes.net/2010/02/tie-the-knot-on-tybee/ HTTP/1.0" 200 13705 "http://www.womeninpolitics.net/category/sue-myrick/" "Mozilla/5.0 (Windows; U; Windows NT 5.1; de; rv:1.9.1.3) Gecko/20090824 Firefox/3.5.3 (.NET CLR 3.5.30729)"
173.208.67.226 - - [04/Jul/2010:06:35:36 -0700] "GET thetybeetimes.net/2010/05/boot-camp-adventures-update-may-2010/ HTTP/1.0" 200 13527 "http://forums.whyweprotest.net" "Mozilla/5.0 (Windows; U; Windows NT 6.1; en-US) AppleWebKit/532.2 (KHTML, like Gecko) Chrome/4.0.221.7 Safari/532.2"
173.234.92.14 - - [04/Jul/2010:06:35:36 -0700] "GET thetybeetimes.net/2010/02/tybee-folks-your-help-is-urgently-needed/ HTTP/1.0" 200 8866 "http://www.womeninpolitics.net/category/virginia-foxx/" "Mozilla/4.0 (compatible; MSIE 7.0; Windows NT 5.1; .NET CLR 1.1.4322; .NET CLR 2.0.50727; .NET CLR 3.0.04506.30)"
173.234.46.238 - - [04/Jul/2010:06:35:36 -0700] "GET thetybeetimes.net/2010/03/island-sports-wrap-up-for-march/ HTTP/1.0" 200 14463 "http://www.womeninpolitics.net/category/mary-fallin/" "Mozilla/5.0 (Windows; U; Windows NT 6.1; en-GB; rv:1.9.1.3) Gecko/20090824 Firefox/3.5.3"
173.208.67.227 - - [04/Jul/2010:06:35:36 -0700] "GET thetybeetimes.net/2010/03/boot-camp-\xe2\x80\x9cadventures\xe2\x80\x9d/ HTTP/1.0" 200 13984 "http://www.womeninpolitics.net/category/betsy-markey/" "Mozilla/5.0 (Windows; U; Windows NT 6.1; en-GB; rv:1.9.1.3) Gecko/20090824 Firefox/3.5.3"
173.234.94.12 - - [04/Jul/2010:06:35:36 -0700] "GET thetybeetimes.net/2010/05/focus-on-tourism/ HTTP/1.0" 200 12352 "http://www.winfreegiftcardsonline.com/surveys-for-money" "Opera/9.64(Windows NT 5.1; U; en) Presto/2.1.1"
173.234.92.14 - - [04/Jul/2010:06:35:36 -0700] "GET thetybeetimes.net/2010/03/get-connected/ HTTP/1.0" 200 12885 "http://www.womeninpolitics.net/category/nydia-m-velazquez/" "Mozilla/5.0 (Windows; U; Windows NT 6.1; en-US) AppleWebKit/532.2 (KHTML, like Gecko) Chrome/4.0.221.7 Safari/532.2"
173.208.23.43 - - [04/Jul/2010:06:35:36 -0700] "GET thetybeetimes.net/2010/03/its-trotter-times/ HTTP/1.0" 200 11714 "http://www.womeninpolitics.net/category/zoe-lofgren/" "Mozilla/5.0 (Windows; U; Windows NT 6.1; en-US) AppleWebKit/532.2 (KHTML, like Gecko) Chrome/4.0.221.7 Safari/532.2"
173.234.46.238 - - [04/Jul/2010:06:35:36 -0700] "GET thetybeetimes.net/2010/03/the-plumb-line/ HTTP/1.0" 200 13219 "http://www.winfreegiftcardsonline.com/paid-surveys" "Mozilla/4.0 (compatible; MSIE 7.0; Windows NT 5.1; .NET CLR 1.1.4322; .NET CLR 2.0.50727; .NET CLR 3.0.04506.30)"
173.234.46.239 - - [04/Jul/2010:06:35:36 -0700] "GET thetybeetimes.net/2010/05/the-curious-savage/ HTTP/1.0" 200 11704 "http://www.geekchoice.com" "Mozilla/5.0 (Windows; U; Windows NT 5.1; de; rv:1.9.1.3) Gecko/20090824 Firefox/3.5.3 (.NET CLR 3.5.30729)"
173.234.93.12 - - [04/Jul/2010:06:35:36 -0700] "GET thetybeetimes.net/2010/04/tybee-jack-on-tybee-2/ HTTP/1.0" 200 15077 "http://www.womeninpolitics.net/category/susana-martinez/" "Mozilla/4.0 (compatible; MSIE 8.0; Windows NT 6.1; WOW64; Trident/4.0; SLCC2; Media Center PC 6.0; InfoPath.2; MS-RTC LM 8)"
173.234.11.16 - - [04/Jul/2010:06:35:36 -0700] "GET thetybeetimes.net/2010/05/rediscovering-fort-pulaski-national-monument/ HTTP/1.0" 200 13564 "http://www.geekchoice.com/phoenix/" "Opera/9.64(Windows NT 5.1; U; en) Presto/2.1.1"
173.234.46.238 - - [04/Jul/2010:06:35:36 -0700] "GET thetybeetimes.net/2010/04/tybee-veterans-monument-flag-raising-dedication-ceremony/ HTTP/1.0" 200 9388 "http://www.winfreegiftcardsonline.com/earn-points-online" "Mozilla/5.0 (X11; U; Linux i686; it-IT; rv:1.9.0.2) Gecko/2008092313 Ubuntu/9.25 (jaunty) Firefox/3.8"
173.234.92.14 - - [04/Jul/2010:06:35:36 -0700] "GET thetybeetimes.net/2010/06/tybee-police-chief-suspended-over-tasing-incident/ HTTP/1.0" 200 15442 "http://www.geekchoice.com/baltimore/" "Mozilla/5.0 (Windows; U; Windows NT 5.1; pl; rv:1.9.1.3) Gecko/20090824 Firefox/3.5.3"
173.208.23.44 - - [04/Jul/2010:06:35:36 -0700] "GET thetybeetimes.net/2010/01/taps-new-spring-play/ HTTP/1.0" 200 10759 "http://www.womeninpolitics.net/category/jean-schmidt/" "Mozilla/5.0 (X11; U; Linux i686; it-IT; rv:1.9.0.2) Gecko/2008092313 Ubuntu/9.25 (jaunty) Firefox/3.8"
173.208.67.227 - - [04/Jul/2010:06:35:36 -0700] "GET thetybeetimes.net/2010/05/future-filmmakers-heed-the-call/ HTTP/1.0" 200 15328 "http://www.winfreegiftcardsonline.com/free-online-surveys" "Mozilla/5.0 (Windows; U; Windows NT 5.1; pl; rv:1.9.1.3) Gecko/20090824 Firefox/3.5.3"
173.208.67.226 - - [04/Jul/2010:06:35:36 -0700] "GET thetybeetimes.net/about/policies-and-disclaimers/ HTTP/1.0" 200 24933 "http://www.womeninpolitics.net/category/maxine-waters/" "Mozilla/5.0 (Windows; U; Windows NT 5.1; en-US; rv:1.9.0.14) Gecko/2009082707 Firefox/3.0.14 (.NET CLR 3.5.30729)"
173.208.23.44 - - [04/Jul/2010:06:35:37 -0700] "GET thetybeetimes.net/2010/05/its-those-bums-again/ HTTP/1.0" 200 25886 "http://www.womeninpolitics.net/category/betty-mccollum/" "Opera/9.64(Windows NT 5.1; U; en) Presto/2.1.1"
173.208.67.226 - - [04/Jul/2010:06:35:37 -0700] "GET thetybeetimes.net/2010/03/friends-of-the-tybee-theater-names-new-2010-board-of-directors/ HTTP/1.0" 200 19065 "http://www.womeninpolitics.net/category/olympia-jean-snowe/" "Mozilla/4.0 (compatible; MSIE 7.0; Windows NT 5.1; .NET CLR 1.1.4322; .NET CLR 2.0.50727; .NET CLR 3.0.04506.30)"
173.208.23.44 - - [04/Jul/2010:06:35:37 -0700] "GET thetybeetimes.net/2010/05/tybee-on-my-mind/ HTTP/1.0" 200 20860 "http://www.geekchoice.com/boston/" "Mozilla/5.0 (Windows; U; Windows NT 6.1; en-US) AppleWebKit/532.2 (KHTML, like Gecko) Chrome/4.0.221.7 Safari/532.2"
173.234.11.16 - - [04/Jul/2010:06:35:37 -0700] "GET thetybeetimes.net/2010/01/free-wifi-spots-on-tybee/ HTTP/1.0" 200 10150 "http://www.womeninpolitics.net/category/grace-napolitano/" "Mozilla/4.0 (compatible; MSIE 8.0; Windows NT 6.1; WOW64; Trident/4.0; SLCC2; Media Center PC 6.0; InfoPath.2; MS-RTC LM 8)"
173.208.23.43 - - [04/Jul/2010:06:35:37 -0700] "GET thetybeetimes.net/about/editors-desk/ HTTP/1.0" 200 25652 "http://www.winfreegiftcardsonline.com/free-paid-surveys" "Mozilla/5.0 (X11; U; Linux i686; it-IT; rv:1.9.0.2) Gecko/2008092313 Ubuntu/9.25 (jaunty) Firefox/3.8"
173.208.23.43 - - [04/Jul/2010:06:35:38 -0700] "GET thetybeetimes.net/2010/04/everyone-gets-to-play-the-real-story-about-the-desoto-beach-bums/ HTTP/1.0" 200 47832 "http://www.womeninpolitics.net/category/judy-chu/" "Mozilla/5.0 (Windows; U; Windows NT 6.1; en-GB; rv:1.9.1.3) Gecko/20090824 Firefox/3.5.3"
173.234.11.16 - - [04/Jul/2010:06:35:42 -0700] "POST thetybeetimes.net/wp-comments-post.php HTTP/1.0" 302 0 "http://thetybeetimes.net/2010/02/the-planner-travel-agent-for-the-public/jonathan-lynn/" "Mozilla/4.0 (compatible; MSIE 7.0; Windows NT 5.1; .NET CLR 1.1.4322; .NET CLR 2.0.50727; .NET CLR 3.0.04506.30)"
173.234.93.12 - - [04/Jul/2010:06:35:42 -0700] "POST thetybeetimes.net/wp-comments-post.php HTTP/1.0" 302 0 "http://thetybeetimes.net/2010/02/roving-reporter-february-2010/scarlett-bailes15/" "Mozilla/4.0 (compatible; MSIE 8.0; Windows NT 6.1; WOW64; Trident/4.0; SLCC2; Media Center PC 6.0; InfoPath.2; MS-RTC LM 8)"
173.234.94.12 - - [04/Jul/2010:06:35:43 -0700] "POST thetybeetimes.net/wp-comments-post.php HTTP/1.0" 302 0 "http://thetybeetimes.net/2010/01/taps-new-spring-play/curioussavage/" "Mozilla/5.0 (Windows; U; Windows NT 5.1; pl; rv:1.9.1.3) Gecko/20090824 Firefox/3.5.3"
173.234.93.12 - - [04/Jul/2010:06:35:43 -0700] "POST thetybeetimes.net/wp-comments-post.php HTTP/1.0" 403 1188 "http://thetybeetimes.net/2010/05/how-%E2%80%98bout-that-2/" "Mozilla/5.0 (Windows; U; Windows NT 5.1; en-US; rv:1.9.0.14) Gecko/2009082707 Firefox/3.0.14 (.NET CLR 3.5.30729)"
173.208.67.226 - - [04/Jul/2010:06:35:43 -0700] "POST thetybeetimes.net/wp-comments-post.php HTTP/1.0" 302 0 "http://thetybeetimes.net/2010/03/friends-of-the-tybee-theater-names-new-2010-board-of-directors/" "Mozilla/4.0 (compatible; MSIE 7.0; Windows NT 5.1; .NET CLR 1.1.4322; .NET CLR 2.0.50727; .NET CLR 3.0.04506.30)"
173.208.67.227 - - [04/Jul/2010:06:35:43 -0700] "POST thetybeetimes.net/wp-comments-post.php HTTP/1.0" 302 0 "http://thetybeetimes.net/2010/01/surfers-of-the-month-january-2010/jimi_and_jim_goodlett/" "Mozilla/5.0 (Windows; U; Windows NT 6.1; en-US) AppleWebKit/532.2 (KHTML, like Gecko) Chrome/4.0.221.7 Safari/532.2"
173.234.92.14 - - [04/Jul/2010:06:35:43 -0700] "POST thetybeetimes.net/wp-comments-post.php HTTP/1.0" 302 0 "http://thetybeetimes.net/2010/06/tybee-police-chief-suspended-over-tasing-incident/" "Mozilla/5.0 (Windows; U; Windows NT 5.1; pl; rv:1.9.1.3) Gecko/20090824 Firefox/3.5.3"
173.208.23.44 - - [04/Jul/2010:06:35:44 -0700] "POST thetybeetimes.net/wp-comments-post.php HTTP/1.0" 302 0 "http://thetybeetimes.net/2010/01/taps-new-spring-play/" "Mozilla/5.0 (X11; U; Linux i686; it-IT; rv:1.9.0.2) Gecko/2008092313 Ubuntu/9.25 (jaunty) Firefox/3.8"
173.208.67.226 - - [04/Jul/2010:06:35:44 -0700] "POST thetybeetimes.net/wp-comments-post.php HTTP/1.0" 403 1188 "http://thetybeetimes.net/2010/05/boot-camp-adventures-update-may-2010/" "Mozilla/5.0 (Windows; U; Windows NT 6.1; en-US) AppleWebKit/532.2 (KHTML, like Gecko) Chrome/4.0.221.7 Safari/532.2"
173.234.11.16 - - [04/Jul/2010:06:35:44 -0700] "POST thetybeetimes.net/wp-comments-post.php HTTP/1.0" 403 1188 "http://thetybeetimes.net/2010/05/rediscovering-fort-pulaski-national-monument/" "Opera/9.64(Windows NT 5.1; U; en) Presto/2.1.1"
173.234.11.16 - - [04/Jul/2010:06:35:44 -0700] "POST thetybeetimes.net/wp-comments-post.php HTTP/1.0" 403 1188 "http://thetybeetimes.net/2010/01/free-wifi-spots-on-tybee/" "Mozilla/4.0 (compatible; MSIE 8.0; Windows NT 6.1; WOW64; Trident/4.0; SLCC2; Media Center PC 6.0; InfoPath.2; MS-RTC LM 8)"
173.208.23.44 - - [04/Jul/2010:06:35:44 -0700] "POST thetybeetimes.net/wp-comments-post.php HTTP/1.0" 403 1188 "http://thetybeetimes.net/2010/05/tybee-on-my-mind/" "Mozilla/5.0 (Windows; U; Windows NT 6.1; en-US) AppleWebKit/532.2 (KHTML, like Gecko) Chrome/4.0.221.7 Safari/532.2"
173.234.46.239 - - [04/Jul/2010:06:35:44 -0700] "POST thetybeetimes.net/wp-comments-post.php HTTP/1.0" 302 0 "http://thetybeetimes.net/2010/05/the-curious-savage/" "Mozilla/5.0 (Windows; U; Windows NT 5.1; de; rv:1.9.1.3) Gecko/20090824 Firefox/3.5.3 (.NET CLR 3.5.30729)"
173.234.11.16 - - [04/Jul/2010:06:35:44 -0700] "POST thetybeetimes.net/wp-comments-post.php HTTP/1.0" 403 1188 "http://thetybeetimes.net/2010/05/going%E2%80%88solar/" "Mozilla/4.0 (compatible; MSIE 7.0; Windows NT 5.1; .NET CLR 1.1.4322; .NET CLR 2.0.50727; .NET CLR 3.0.04506.30)"
173.234.93.12 - - [04/Jul/2010:06:35:44 -0700] "POST thetybeetimes.net/wp-comments-post.php HTTP/1.0" 403 1188 "http://thetybeetimes.net/2010/04/tybee-jack-on-tybee-2/" "Mozilla/4.0 (compatible; MSIE 8.0; Windows NT 6.1; WOW64; Trident/4.0; SLCC2; Media Center PC 6.0; InfoPath.2; MS-RTC LM 8)"
173.208.23.43 - - [04/Jul/2010:06:35:44 -0700] "POST thetybeetimes.net/wp-comments-post.php HTTP/1.0" 403 1188 "http://thetybeetimes.net/about/editors-desk/" "Mozilla/5.0 (X11; U; Linux i686; it-IT; rv:1.9.0.2) Gecko/2008092313 Ubuntu/9.25 (jaunty) Firefox/3.8"
173.208.23.43 - - [04/Jul/2010:06:35:44 -0700] "POST thetybeetimes.net/wp-comments-post.php HTTP/1.0" 302 0 "http://thetybeetimes.net/about/waterboarders/" "Mozilla/5.0 (Windows; U; Windows NT 5.1; de; rv:1.9.1.3) Gecko/20090824 Firefox/3.5.3 (.NET CLR 3.5.30729)"
173.208.67.227 - - [04/Jul/2010:06:35:44 -0700] "POST thetybeetimes.net/wp-comments-post.php HTTP/1.0" 403 1188 "http://thetybeetimes.net/2010/01/tybee-jack-on-tybee/" "Mozilla/4.0 (compatible; MSIE 8.0; Windows NT 6.1; WOW64; Trident/4.0; SLCC2; Media Center PC 6.0; InfoPath.2; MS-RTC LM 8)"
173.234.94.12 - - [04/Jul/2010:06:35:44 -0700] "POST thetybeetimes.net/wp-comments-post.php HTTP/1.0" 403 1188 "http://thetybeetimes.net/2010/05/focus-on-tourism/" "Opera/9.64(Windows NT 5.1; U; en) Presto/2.1.1"
173.208.23.44 - - [04/Jul/2010:06:35:44 -0700] "POST thetybeetimes.net/wp-comments-post.php HTTP/1.0" 403 1188 "http://thetybeetimes.net/2010/05/maya%E2%80%99s-tips-for-grown-ups-that-suck-at-grammar/" "Mozilla/5.0 (Windows; U; Windows NT 5.1; en-US; rv:1.9.0.14) Gecko/2009082707 Firefox/3.0.14 (.NET CLR 3.5.30729)"
173.208.23.43 - - [04/Jul/2010:06:35:44 -0700] "POST thetybeetimes.net/wp-comments-post.php HTTP/1.0" 403 1188 "http://thetybeetimes.net/2010/04/everyone-gets-to-play-the-real-story-about-the-desoto-beach-bums/" "Mozilla/5.0 (Windows; U; Windows NT 6.1; en-GB; rv:1.9.1.3) Gecko/20090824 Firefox/3.5.3"
173.234.92.14 - - [04/Jul/2010:06:35:44 -0700] "POST thetybeetimes.net/wp-comments-post.php HTTP/1.0" 403 1188 "http://thetybeetimes.net/2010/02/tybee-folks-your-help-is-urgently-needed/" "Mozilla/4.0 (compatible; MSIE 7.0; Windows NT 5.1; .NET CLR 1.1.4322; .NET CLR 2.0.50727; .NET CLR 3.0.04506.30)"
173.234.46.238 - - [04/Jul/2010:06:35:44 -0700] "POST thetybeetimes.net/wp-comments-post.php HTTP/1.0" 403 1188 "http://thetybeetimes.net/2010/04/tybee-veterans-monument-flag-raising-dedication-ceremony/" "Mozilla/5.0 (X11; U; Linux i686; it-IT; rv:1.9.0.2) Gecko/2008092313 Ubuntu/9.25 (jaunty) Firefox/3.8"
173.234.46.238 - - [04/Jul/2010:06:35:44 -0700] "POST thetybeetimes.net/wp-comments-post.php HTTP/1.0" 302 0 "http://thetybeetimes.net/2010/03/island-sports-wrap-up-for-march/" "Mozilla/5.0 (Windows; U; Windows NT 6.1; en-GB; rv:1.9.1.3) Gecko/20090824 Firefox/3.5.3"
173.208.67.226 - - [04/Jul/2010:06:35:44 -0700] "POST thetybeetimes.net/wp-comments-post.php HTTP/1.0" 403 1188 "http://thetybeetimes.net/2010/03/out-of-the-box/" "Mozilla/5.0 (Windows; U; Windows NT 5.1; de; rv:1.9.1.3) Gecko/20090824 Firefox/3.5.3 (.NET CLR 3.5.30729)"
173.208.67.227 - - [04/Jul/2010:06:35:44 -0700] "POST thetybeetimes.net/wp-comments-post.php HTTP/1.0" 403 1188 "http://thetybeetimes.net/2010/05/future-filmmakers-heed-the-call/" "Mozilla/5.0 (Windows; U; Windows NT 5.1; pl; rv:1.9.1.3) Gecko/20090824 Firefox/3.5.3"
173.208.23.43 - - [04/Jul/2010:06:35:44 -0700] "POST thetybeetimes.net/wp-comments-post.php HTTP/1.0" 403 1188 "http://thetybeetimes.net/2010/03/its-trotter-times/" "Mozilla/5.0 (Windows; U; Windows NT 6.1; en-US) AppleWebKit/532.2 (KHTML, like Gecko) Chrome/4.0.221.7 Safari/532.2"
173.208.67.226 - - [04/Jul/2010:06:35:45 -0700] "POST thetybeetimes.net/wp-comments-post.php HTTP/1.0" 403 1188 "http://thetybeetimes.net/about/policies-and-disclaimers/" "Mozilla/5.0 (Windows; U; Windows NT 5.1; en-US; rv:1.9.0.14) Gecko/2009082707 Firefox/3.0.14 (.NET CLR 3.5.30729)"
173.234.46.239 - - [04/Jul/2010:06:35:45 -0700] "POST thetybeetimes.net/wp-comments-post.php HTTP/1.0" 403 1188 "http://thetybeetimes.net/2010/03/coastal-pet-rescue-march-update/" "Mozilla/5.0 (X11; U; Linux i686; it-IT; rv:1.9.0.2) Gecko/2008092313 Ubuntu/9.25 (jaunty) Firefox/3.8"
173.234.46.239 - - [04/Jul/2010:06:35:45 -0700] "POST thetybeetimes.net/wp-comments-post.php HTTP/1.0" 403 1188 "http://thetybeetimes.net/2010/02/tie-the-knot-on-tybee/" "Mozilla/5.0 (Windows; U; Windows NT 5.1; de; rv:1.9.1.3) Gecko/20090824 Firefox/3.5.3 (.NET CLR 3.5.30729)"
173.208.67.227 - - [04/Jul/2010:06:35:45 -0700] "POST thetybeetimes.net/wp-comments-post.php HTTP/1.0" 403 1188 "http://thetybeetimes.net/2010/03/boot-camp-%E2%80%9Cadventures%E2%80%9D/" "Mozilla/5.0 (Windows; U; Windows NT 6.1; en-GB; rv:1.9.1.3) Gecko/20090824 Firefox/3.5.3"
173.208.23.44 - - [04/Jul/2010:06:35:45 -0700] "POST thetybeetimes.net/wp-comments-post.php HTTP/1.0" 403 1188 "http://thetybeetimes.net/2010/05/its-those-bums-again/" "Opera/9.64(Windows NT 5.1; U; en) Presto/2.1.1"
173.234.92.14 - - [04/Jul/2010:06:35:45 -0700] "POST thetybeetimes.net/wp-comments-post.php HTTP/1.0" 403 1188 "http://thetybeetimes.net/2010/03/get-connected/" "Mozilla/5.0 (Windows; U; Windows NT 6.1; en-US) AppleWebKit/532.2 (KHTML, like Gecko) Chrome/4.0.221.7 Safari/532.2"
173.234.46.238 - - [04/Jul/2010:06:35:45 -0700] "POST thetybeetimes.net/wp-comments-post.php HTTP/1.0" 403 1188 "http://thetybeetimes.net/2010/03/the-plumb-line/" "Mozilla/4.0 (compatible; MSIE 7.0; Windows NT 5.1; .NET CLR 1.1.4322; .NET CLR 2.0.50727; .NET CLR 3.0.04506.30)"
208.115.111.247 - - [04/Jul/2010:06:36:58 -0700] "GET thetybeetimes.net/robots.txt HTTP/1.1" 200 45 "-" "Mozilla/5.0 (compatible; DotBot/1.1; http://www.dotnetdotcom.org/, crawler@dotnetdotcom.org)"
68.51.204.241 - - [04/Jul/2010:06:42:39 -0700] "GET thetybeetimes.net/ HTTP/1.1" 200 43943 "-" "Mozilla/4.0 (compatible; MSIE 7.0; Windows NT 5.1; GTB6.5; InfoPath.1; .NET CLR 1.1.4322; .NET CLR 2.0.50727; .NET CLR 3.0.4506.2152; .NET CLR 3.5.30729)"
68.51.204.241 - - [04/Jul/2010:06:42:39 -0700] "GET thetybeetimes.net/wp-content/themes/default/style.css HTTP/1.1" 200 10345 "http://thetybeetimes.net/" "Mozilla/4.0 (compatible; MSIE 7.0; Windows NT 5.1; GTB6.5; InfoPath.1; .NET CLR 1.1.4322; .NET CLR 2.0.50727; .NET CLR 3.0.4506.2152; .NET CLR 3.5.30729)"
68.51.204.241 - - [04/Jul/2010:06:42:39 -0700] "GET thetybeetimes.net/wp-content/plugins/nextgen-gallery/css/nggallery.css?ver=1.0.0 HTTP/1.1" 200 6637 "http://thetybeetimes.net/" "Mozilla/4.0 (compatible; MSIE 7.0; Windows NT 5.1; GTB6.5; InfoPath.1; .NET CLR 1.1.4322; .NET CLR 2.0.50727; .NET CLR 3.0.4506.2152; .NET CLR 3.5.30729)"
68.51.204.241 - - [04/Jul/2010:06:42:39 -0700] "GET thetybeetimes.net/wp-includes/js/thickbox/thickbox.css?ver=20090514 HTTP/1.1" 200 3864 "http://thetybeetimes.net/" "Mozilla/4.0 (compatible; MSIE 7.0; Windows NT 5.1; GTB6.5; InfoPath.1; .NET CLR 1.1.4322; .NET CLR 2.0.50727; .NET CLR 3.0.4506.2152; .NET CLR 3.5.30729)"
68.51.204.241 - - [04/Jul/2010:06:42:39 -0700] "GET thetybeetimes.net/wp-includes/js/jquery/jquery.js?ver=1.3.2 HTTP/1.1" 200 57276 "http://thetybeetimes.net/" "Mozilla/4.0 (compatible; MSIE 7.0; Windows NT 5.1; GTB6.5; InfoPath.1; .NET CLR 1.1.4322; .NET CLR 2.0.50727; .NET CLR 3.0.4506.2152; .NET CLR 3.5.30729)"
68.51.204.241 - - [04/Jul/2010:06:42:40 -0700] "GET thetybeetimes.net/wp-includes/js/swfobject.js?ver=2.1 HTTP/1.1" 200 9759 "http://thetybeetimes.net/" "Mozilla/4.0 (compatible; MSIE 7.0; Windows NT 5.1; GTB6.5; InfoPath.1; .NET CLR 1.1.4322; .NET CLR 2.0.50727; .NET CLR 3.0.4506.2152; .NET CLR 3.5.30729)"
68.51.204.241 - - [04/Jul/2010:06:42:40 -0700] "GET thetybeetimes.net/wp-content/uploads/2010/06/23291_131357780214761_4396_n.jpg HTTP/1.1" 200 13721 "http://thetybeetimes.net/" "Mozilla/4.0 (compatible; MSIE 7.0; Windows NT 5.1; GTB6.5; InfoPath.1; .NET CLR 1.1.4322; .NET CLR 2.0.50727; .NET CLR 3.0.4506.2152; .NET CLR 3.5.30729)"
68.51.204.241 - - [04/Jul/2010:06:42:40 -0700] "GET thetybeetimes.net/wp-content/uploads/2010/05/P9250111-266x200.jpg HTTP/1.1" 200 11263 "http://thetybeetimes.net/" "Mozilla/4.0 (compatible; MSIE 7.0; Windows NT 5.1; GTB6.5; InfoPath.1; .NET CLR 1.1.4322; .NET CLR 2.0.50727; .NET CLR 3.0.4506.2152; .NET CLR 3.5.30729)"
68.51.204.241 - - [04/Jul/2010:06:42:40 -0700] "GET thetybeetimes.net/wp-content/uploads/2010/05/Lightplane-abandoned1.jpg HTTP/1.1" 200 15420 "http://thetybeetimes.net/" "Mozilla/4.0 (compatible; MSIE 7.0; Windows NT 5.1; GTB6.5; InfoPath.1; .NET CLR 1.1.4322; .NET CLR 2.0.50727; .NET CLR 3.0.4506.2152; .NET CLR 3.5.30729)"
68.51.204.241 - - [04/Jul/2010:06:42:40 -0700] "GET thetybeetimes.net/wp-content/themes/default/images/kubrickbgcolor.jpg HTTP/1.1" 200 556 "http://thetybeetimes.net/" "Mozilla/4.0 (compatible; MSIE 7.0; Windows NT 5.1; GTB6.5; InfoPath.1; .NET CLR 1.1.4322; .NET CLR 2.0.50727; .NET CLR 3.0.4506.2152; .NET CLR 3.5.30729)"
68.51.204.241 - - [04/Jul/2010:06:42:41 -0700] "GET thetybeetimes.net/wp-content/uploads/2010/05/Tybee-Theater.jpg HTTP/1.1" 200 13187 "http://thetybeetimes.net/" "Mozilla/4.0 (compatible; MSIE 7.0; Windows NT 5.1; GTB6.5; InfoPath.1; .NET CLR 1.1.4322; .NET CLR 2.0.50727; .NET CLR 3.0.4506.2152; .NET CLR 3.5.30729)"
68.51.204.241 - - [04/Jul/2010:06:42:41 -0700] "GET thetybeetimes.net/wp-content/uploads/2010/05/Joni_Bishop1.jpg HTTP/1.1" 200 7757 "http://thetybeetimes.net/" "Mozilla/4.0 (compatible; MSIE 7.0; Windows NT 5.1; GTB6.5; InfoPath.1; .NET CLR 1.1.4322; .NET CLR 2.0.50727; .NET CLR 3.0.4506.2152; .NET CLR 3.5.30729)"
68.51.204.241 - - [04/Jul/2010:06:42:41 -0700] "GET thetybeetimes.net/wp-content/themes/default/images/kubrickbg-ltr.jpg HTTP/1.1" 200 1043 "http://thetybeetimes.net/" "Mozilla/4.0 (compatible; MSIE 7.0; Windows NT 5.1; GTB6.5; InfoPath.1; .NET CLR 1.1.4322; .NET CLR 2.0.50727; .NET CLR 3.0.4506.2152; .NET CLR 3.5.30729)"
68.51.204.241 - - [04/Jul/2010:06:42:41 -0700] "GET thetybeetimes.net/wp-content/uploads/2010/05/Darryl-Wise.jpg HTTP/1.1" 200 16191 "http://thetybeetimes.net/" "Mozilla/4.0 (compatible; MSIE 7.0; Windows NT 5.1; GTB6.5; InfoPath.1; .NET CLR 1.1.4322; .NET CLR 2.0.50727; .NET CLR 3.0.4506.2152; .NET CLR 3.5.30729)"
68.51.204.241 - - [04/Jul/2010:06:42:41 -0700] "GET thetybeetimes.net/wp-content/uploads/2010/05/Michael-Amburgey.jpg HTTP/1.1" 200 12911 "http://thetybeetimes.net/" "Mozilla/4.0 (compatible; MSIE 7.0; Windows NT 5.1; GTB6.5; InfoPath.1; .NET CLR 1.1.4322; .NET CLR 2.0.50727; .NET CLR 3.0.4506.2152; .NET CLR 3.5.30729)"
68.51.204.241 - - [04/Jul/2010:06:42:41 -0700] "GET thetybeetimes.net/wp-content/uploads/2010/05/Jimmy_Maddox2-299x200.jpg HTTP/1.1" 200 8512 "http://thetybeetimes.net/" "Mozilla/4.0 (compatible; MSIE 7.0; Windows NT 5.1; GTB6.5; InfoPath.1; .NET CLR 1.1.4322; .NET CLR 2.0.50727; .NET CLR 3.0.4506.2152; .NET CLR 3.5.30729)"
68.51.204.241 - - [04/Jul/2010:06:42:41 -0700] "GET thetybeetimes.net/wp-content/uploads/2010/05/Tybee-Theater2.jpg HTTP/1.1" 200 18992 "http://thetybeetimes.net/" "Mozilla/4.0 (compatible; MSIE 7.0; Windows NT 5.1; GTB6.5; InfoPath.1; .NET CLR 1.1.4322; .NET CLR 2.0.50727; .NET CLR 3.0.4506.2152; .NET CLR 3.5.30729)"
68.51.204.241 - - [04/Jul/2010:06:42:41 -0700] "GET thetybeetimes.net/wp-content/themes/default/images/kubrickheader.jpg HTTP/1.1" 200 7868 "http://thetybeetimes.net/" "Mozilla/4.0 (compatible; MSIE 7.0; Windows NT 5.1; GTB6.5; InfoPath.1; .NET CLR 1.1.4322; .NET CLR 2.0.50727; .NET CLR 3.0.4506.2152; .NET CLR 3.5.30729)"
68.51.204.241 - - [04/Jul/2010:06:42:41 -0700] "GET thetybeetimes.net/wp-content/uploads/2010/02/Maya.jpg HTTP/1.1" 200 17495 "http://thetybeetimes.net/" "Mozilla/4.0 (compatible; MSIE 7.0; Windows NT 5.1; GTB6.5; InfoPath.1; .NET CLR 1.1.4322; .NET CLR 2.0.50727; .NET CLR 3.0.4506.2152; .NET CLR 3.5.30729)"
68.51.204.241 - - [04/Jul/2010:06:42:41 -0700] "GET thetybeetimes.net/wp-includes/js/thickbox/thickbox.js?ver=3.1-20091124 HTTP/1.1" 200 12185 "http://thetybeetimes.net/" "Mozilla/4.0 (compatible; MSIE 7.0; Windows NT 5.1; GTB6.5; InfoPath.1; .NET CLR 1.1.4322; .NET CLR 2.0.50727; .NET CLR 3.0.4506.2152; .NET CLR 3.5.30729)"
68.51.204.241 - - [04/Jul/2010:06:42:42 -0700] "GET thetybeetimes.net/wp-content/themes/default/images/kubrickfooter.jpg HTTP/1.1" 200 2443 "http://thetybeetimes.net/" "Mozilla/4.0 (compatible; MSIE 7.0; Windows NT 5.1; GTB6.5; InfoPath.1; .NET CLR 1.1.4322; .NET CLR 2.0.50727; .NET CLR 3.0.4506.2152; .NET CLR 3.5.30729)"
68.51.204.241 - - [04/Jul/2010:06:42:42 -0700] "GET thetybeetimes.net/wp-includes/js/thickbox/loadingAnimation.gif HTTP/1.1" 200 5886 "http://thetybeetimes.net/" "Mozilla/4.0 (compatible; MSIE 7.0; Windows NT 5.1; GTB6.5; InfoPath.1; .NET CLR 1.1.4322; .NET CLR 2.0.50727; .NET CLR 3.0.4506.2152; .NET CLR 3.5.30729)"
68.51.204.241 - - [04/Jul/2010:06:42:42 -0700] "GET thetybeetimes.net/wp-content/uploads/2010/05/SongwritersCircle2.jpg HTTP/1.1" 200 236873 "http://thetybeetimes.net/" "Mozilla/4.0 (compatible; MSIE 7.0; Windows NT 5.1; GTB6.5; InfoPath.1; .NET CLR 1.1.4322; .NET CLR 2.0.50727; .NET CLR 3.0.4506.2152; .NET CLR 3.5.30729)"
68.51.204.241 - - [04/Jul/2010:06:42:42 -0700] "GET thetybeetimes.net/favicon.ico HTTP/1.1" 200 0 "-" "Mozilla/4.0 (compatible; MSIE 7.0; Windows NT 5.1; GTB6.5; InfoPath.1; .NET CLR 1.1.4322; .NET CLR 2.0.50727; .NET CLR 3.0.4506.2152; .NET CLR 3.5.30729)"
68.51.204.241 - - [04/Jul/2010:06:42:45 -0700] "GET thetybeetimes.net/wp-includes/js/comment-reply.js?ver=20090102 HTTP/1.1" 200 786 "http://thetybeetimes.net/weather/tide-moon-charts/" "Mozilla/4.0 (compatible; MSIE 7.0; Windows NT 5.1; GTB6.5; InfoPath.1; .NET CLR 1.1.4322; .NET CLR 2.0.50727; .NET CLR 3.0.4506.2152; .NET CLR 3.5.30729)"
68.51.204.241 - - [04/Jul/2010:06:42:45 -0700] "GET thetybeetimes.net/weather/tide-moon-charts/ HTTP/1.1" 200 27674 "http://thetybeetimes.net/" "Mozilla/4.0 (compatible; MSIE 7.0; Windows NT 5.1; GTB6.5; InfoPath.1; .NET CLR 1.1.4322; .NET CLR 2.0.50727; .NET CLR 3.0.4506.2152; .NET CLR 3.5.30729)"
68.51.204.241 - - [04/Jul/2010:06:42:47 -0700] "GET thetybeetimes.net/wp-content/uploads/2010/01/JUNE-Tide-GA-20102.jpg HTTP/1.1" 200 780708 "http://thetybeetimes.net/weather/tide-moon-charts/" "Mozilla/4.0 (compatible; MSIE 7.0; Windows NT 5.1; GTB6.5; InfoPath.1; .NET CLR 1.1.4322; .NET CLR 2.0.50727; .NET CLR 3.0.4506.2152; .NET CLR 3.5.30729)"
173.234.46.238 - - [04/Jul/2010:06:46:57 -0700] "GET thetybeetimes.net/contact/advertise-with-us/ HTTP/1.0" 200 21594 "http://localseocompany.net/local-seo-services.php" "Mozilla/5.0 (Windows; U; Windows NT 5.1; en-US; rv:1.9.0.14) Gecko/2009082707 Firefox/3.0.14 (.NET CLR 3.5.30729)"
173.208.67.226 - - [04/Jul/2010:06:46:57 -0700] "GET thetybeetimes.net/calendar/ HTTP/1.0" 200 28761 "http://www.geekchoice.com/baltimore/" "Mozilla/5.0 (Windows; U; Windows NT 5.1; de; rv:1.9.1.3) Gecko/20090824 Firefox/3.5.3 (.NET CLR 3.5.30729)"
173.208.67.227 - - [04/Jul/2010:06:46:58 -0700] "GET thetybeetimes.net/weather/tide-moon-charts/ HTTP/1.0" 200 27023 "http://www.womeninpolitics.net/category/susana-martinez/" "Mozilla/5.0 (Windows; U; Windows NT 6.1; en-US) AppleWebKit/532.2 (KHTML, like Gecko) Chrome/4.0.221.7 Safari/532.2"
173.234.11.16 - - [04/Jul/2010:06:46:58 -0700] "GET thetybeetimes.net/galleries/ HTTP/1.0" 200 47825 "http://www.womeninpolitics.net/category/madeleine-z-bordallo/" "Mozilla/5.0 (Windows; U; Windows NT 5.1; de; rv:1.9.1.3) Gecko/20090824 Firefox/3.5.3 (.NET CLR 3.5.30729)"
173.234.46.238 - - [04/Jul/2010:06:47:01 -0700] "POST thetybeetimes.net/wp-comments-post.php HTTP/1.0" 302 0 "http://thetybeetimes.net/contact/advertise-with-us/" "Mozilla/5.0 (Windows; U; Windows NT 5.1; en-US; rv:1.9.0.14) Gecko/2009082707 Firefox/3.0.14 (.NET CLR 3.5.30729)"
173.234.11.16 - - [04/Jul/2010:06:47:03 -0700] "POST thetybeetimes.net/wp-comments-post.php HTTP/1.0" 302 0 "http://thetybeetimes.net/galleries/" "Mozilla/5.0 (Windows; U; Windows NT 5.1; de; rv:1.9.1.3) Gecko/20090824 Firefox/3.5.3 (.NET CLR 3.5.30729)"
173.208.67.226 - - [04/Jul/2010:06:47:03 -0700] "POST thetybeetimes.net/wp-comments-post.php HTTP/1.0" 302 0 "http://thetybeetimes.net/calendar/" "Mozilla/5.0 (Windows; U; Windows NT 5.1; de; rv:1.9.1.3) Gecko/20090824 Firefox/3.5.3 (.NET CLR 3.5.30729)"
173.208.67.227 - - [04/Jul/2010:06:47:04 -0700] "POST thetybeetimes.net/wp-comments-post.php HTTP/1.0" 302 0 "http://thetybeetimes.net/weather/tide-moon-charts/" "Mozilla/5.0 (Windows; U; Windows NT 6.1; en-US) AppleWebKit/532.2 (KHTML, like Gecko) Chrome/4.0.221.7 Safari/532.2"
69.254.64.75 - - [04/Jul/2010:06:50:11 -0700] "GET thetybeetimes.net/comments/feed/ HTTP/1.1" 200 8856 "-" "Mozilla/5.0 (Macintosh; U; Intel Mac OS X 10.5; en-US; rv:1.9.2.3) Gecko/20100401 Firefox/3.6.3"
69.254.64.75 - - [04/Jul/2010:06:50:19 -0700] "GET thetybeetimes.net/comments/feed/ HTTP/1.1" 304 0 "-" "Mozilla/5.0 (Macintosh; U; Intel Mac OS X 10.5; en-US; rv:1.9.2.3) Gecko/20100401 Firefox/3.6.3"
98.244.149.163 - - [04/Jul/2010:06:51:11 -0700] "GET thetybeetimes.net/ HTTP/1.1" 200 44181 "-" "Mozilla/5.0 (iPad; U; CPU OS 3_2 like Mac OS X; en-us) AppleWebKit/531.21.10 (KHTML, like Gecko) Version/4.0.4 Mobile/7B367 Safari/531.21.10"
98.244.149.163 - - [04/Jul/2010:06:51:11 -0700] "GET thetybeetimes.net/wp-content/themes/default/style.css HTTP/1.1" 200 10345 "http://thetybeetimes.net/" "Mozilla/5.0 (iPad; U; CPU OS 3_2 like Mac OS X; en-us) AppleWebKit/531.21.10 (KHTML, like Gecko) Version/4.0.4 Mobile/7B367 Safari/531.21.10"
98.244.149.163 - - [04/Jul/2010:06:51:11 -0700] "GET thetybeetimes.net/wp-content/plugins/nextgen-gallery/css/nggallery.css?ver=1.0.0 HTTP/1.1" 200 6637 "http://thetybeetimes.net/" "Mozilla/5.0 (iPad; U; CPU OS 3_2 like Mac OS X; en-us) AppleWebKit/531.21.10 (KHTML, like Gecko) Version/4.0.4 Mobile/7B367 Safari/531.21.10"
98.244.149.163 - - [04/Jul/2010:06:51:11 -0700] "GET thetybeetimes.net/wp-includes/js/thickbox/thickbox.css?ver=20090514 HTTP/1.1" 200 3864 "http://thetybeetimes.net/" "Mozilla/5.0 (iPad; U; CPU OS 3_2 like Mac OS X; en-us) AppleWebKit/531.21.10 (KHTML, like Gecko) Version/4.0.4 Mobile/7B367 Safari/531.21.10"
98.244.149.163 - - [04/Jul/2010:06:51:11 -0700] "GET thetybeetimes.net/wp-includes/js/jquery/jquery.js?ver=1.3.2 HTTP/1.1" 200 57276 "http://thetybeetimes.net/" "Mozilla/5.0 (iPad; U; CPU OS 3_2 like Mac OS X; en-us) AppleWebKit/531.21.10 (KHTML, like Gecko) Version/4.0.4 Mobile/7B367 Safari/531.21.10"
